(C:$d90c)   ADDR A  X  Y  SP 00 01 NV-BDIZC LIN CYC  STOPWATCH
.;d90c 00 00 00 f1 0f d8 00100011 000 001   25359985
(C:$d90c) Displaying 40x25 screen at $0c00:
0c00                                          
0c28   commodore basic v3.5 60671 bytes free  
0c50   3-plus-1 on key f1                     
0c78                                          
0ca0  ready.                                  
0cc8  load"ediplus4",8,1                      
0cf0                                          
0d18  searching for ediplus4                  
0d40  ?file not found error                   
0d68  ready.                                  
0d90  run                                     
0db8                                          
0de0  ready.                                  
0e08                                          
0e30                                          
0e58                                          
0e80                                          
0ea8                                          
0ed0                                          
0ef8                                          
0f20                                          
0f48                                          
0f70                                          
0f98                                          
0fc0                                          
(C:$d90c) (C:$d90c) (C:$d90c) monitor_exit_status=0
emulator_exit_status=0
