Detecting ISA HardSID boards.
Could not open '/dev/port'.
Cannot get permission to access $300.
Detecting PCI HardSID boards.
No PCI HardSID boards found.
CART: detach main -1: type: -1 id: -1
CART: unset cart config
Initializing chip model "MOS8565" (63 cycles per line, 312 raster lines).
VSP Bug: safe channels are: 02356. Emulation of memory corruption is disabled.
c64cartridge_reset changed: 1
set_cartridge_type: -1
 
*** VICE Version 3.7.1 ***
 
Welcome to x64sc, the free portable C64 Emulator.
 
Current VICE team members:
Martin Pottendorfer, Marco van den Heuvel, Fabrizio Gennari, Groepaz, 
Errol Smith, Ingo Korb, Olaf Seibert, Marcus Sutton, Kajtar Zsolt, AreaScout, 
Bas Wassink, Michael C. Martin, Christopher Phillips, David Hogan, 
Empathic Qubit, Roberto Muscedere, June Tate-Gans, Pablo Roldan.
 
This is free software with ABSOLUTELY NO WARRANTY.
See the "About VICE" command for more info.
 
random seed was: 0x6a874ba6
command line was: x64sc -console +sound -directory /home/ubuntu/DAAD-harvester/preservation_corpus/runtime_resources/commodore -remotemonitor -remotemonitoraddress ip4://127.0.0.1:6510 -limitcycles 1200000000
Loading system file `/home/ubuntu/DAAD-harvester/preservation_corpus/runtime_resources/commodore/C64/kernal-901227-03.bin'.
Loading system file `/home/ubuntu/DAAD-harvester/preservation_corpus/runtime_resources/commodore/C64/basic-901226-01.bin'.
Loading system file `/home/ubuntu/DAAD-harvester/preservation_corpus/runtime_resources/commodore/C64/chargen-901225-01.bin'.
MPS-803: Error - Could not load MPS-803 charset 'mps803.bin'.
Palette: Error - Palette not found: `mps803.vpl'.
MPS-803: Error - Cannot load palette file `mps803.vpl'.
NL10: Error - Could not load NL-10 ROM file 'nl10.bin'.
Palette: Error - Palette not found: `1520.vpl'.
plot1520: Error - Cannot load palette file `1520.vpl'.
DriveROM: Error - 1540 ROM image not found. Hardware-level 1540 emulation is not available.
DriveROM: Error - 1541 ROM image not found. Hardware-level 1541 emulation is not available.
DriveROM: Error - 1541-II ROM image not found. Hardware-level 1541-II emulation is not available.
DriveROM: Error - 1570 ROM image not found. Hardware-level 1570 emulation is not available.
DriveROM: Error - 1571 ROM image not found. Hardware-level 1571 emulation is not available.
DriveROM: Error - 1581 ROM image not found. Hardware-level 1581 emulation is not available.
DriveROM: Error - 2000 ROM image not found. Hardware-level 2000 emulation is not available.
DriveROM: Error - 4000 ROM image not found. Hardware-level 4000 emulation is not available.
DriveROM: Error - CMDHD ROM image not found. Hardware-level CMDHD emulation is not available.
DriveROM: Error - 2031 ROM image not found. Hardware-level 2031 emulation is not available.
DriveROM: Error - 2040 ROM image not found. Hardware-level 2040 emulation is not available.
DriveROM: Error - 3040 ROM image not found. Hardware-level 3040 emulation is not available.
DriveROM: Error - 4040 ROM image not found. Hardware-level 4040 emulation is not available.
DriveROM: Error - 1001/8050/8250 ROM image not found. Hardware-level 1001/8050/8250 emulation is not available.
DriveROM: Error - D9090/9060 ROM image not found. Hardware-level D9090/9060 emulation is not available.
Drive: Finished loading ROM images.
VIC-II: Initializing chip model "MOS8565" (63 cycles per line, 312 raster lines).
opening dynamic library libmp3lame.so failed!
ERROR setting up dynamic lame lib!
Sound: Available sound devices: pulse alsa dummy fs dump wav voc iff aiff mp3 soundmovie
Joystick: Linux joystick interface initialization...
Joystick: Warning - Cannot open joystick device `/dev/input/js0'.
Joystick: Warning - Cannot open joystick device `/dev/input/js1'.
Joystick: Warning - Cannot open joystick device `/dev/input/js2'.
Joystick: Warning - Cannot open joystick device `/dev/input/js3'.
Joystick: Warning - Cannot open joystick device `/dev/input/js4'.
Joystick: Warning - Cannot open joystick device `/dev/input/js5'.
Joystick: Warning - Cannot open joystick device `/dev/input/js6'.
Joystick: Warning - Cannot open joystick device `/dev/input/js7'.
GTK3MOUSE: Status changed: 0 (disabled)
Error - Default keymap not found, this should be fixed. Going on anyway...
Main CPU: starting at ($FFFC).
Main CPU: RESET.
Sync reset
Increasing trap_func array size to 1 with 1 to run
c64cartridge_reset changed: 0
CART: detach main -1: type: -1 id: -1
CART: unset cart config
c64cartridge_reset changed: 1
Error - pa_simple_new(): Connection refused
Sound: Closing device `pulse'
Sound: initialization failed for device `pulse'.
sid.c:1056:sid_state_write(): sidengine.state_write is NULL
Error - T64 snapshot support is not implemented
Error - No tape image attached or type not correct.
VICE thread initiating shutdown
VICE thread is exiting

Resources with non default values:
Directory="/home/ubuntu/DAAD-harvester/preservation_corpus/runtime_resources/commodore"
Sound=0
JoyPort10Device=0
JoyPort9Device=0
JoyPort8Device=0
JoyPort7Device=0
JoyPort6Device=0
JoyPort5Device=0
JoyPort4Device=0
JoyPort3Device=0
JoyPort2Device=0
JoyPort1Device=0
Drive8Type=0
MonitorServer=1

reconstructed commandline options (might be incomplete):
-default -directory "/home/ubuntu/DAAD-harvester/preservation_corpus/runtime_resources/commodore" +sound -controlport1device "0" -controlport2device "0" -controlport3device "0" -controlport4device "0" -controlport5device "0" -controlport6device "0" -controlport7device "0" -controlport8device "0" -controlport9device "0" -controlport10device "0" -drive8type "0" -remotemonitor

VICE thread has been joined.
CART: detach main -1: type: -1 id: -1
CART: unset cart config
VIC-II: VSP Bug: safe channels are: 127. Emulation of memory corruption is disabled.
