Detecting ISA HardSID boards.
Could not open '/dev/port'.
Cannot get permission to access $300.
Detecting PCI HardSID boards.
No PCI HardSID boards found.
CART: detach main -1: type: -1 id: -1
CART: unset cart config
Initializing chip model "MOS8565" (63 cycles per line, 312 raster lines).
VSP Bug: safe channels are: 012347. Emulation of memory corruption is disabled.
c64cartridge_reset changed: 1
set_cartridge_type: -1
 
*** VICE Version 3.7.1 ***
 
Welcome to x64sc, the free portable C64 Emulator.
 
Current VICE team members:
Martin Pottendorfer, Marco van den Heuvel, Fabrizio Gennari, Groepaz, 
Errol Smith, Ingo Korb, Olaf Seibert, Marcus Sutton, Kajtar Zsolt, AreaScout, 
Bas Wassink, Michael C. Martin, Christopher Phillips, David Hogan, 
Empathic Qubit, Roberto Muscedere, June Tate-Gans, Pablo Roldan.
 
This is free software with ABSOLUTELY NO WARRANTY.
See the "About VICE" command for more info.
 
random seed was: 0x6a859414
command line was: x64sc -console -warp -autostart preservation_corpus/downloads/121_Jabato_1989_Aventuras_AD_es_cr_ASS.d64 -limitcycles 1000000
C64MEM: Error - Couldn't load kernal ROM `kernal-901227-03.bin'.
Error - Machine initialization failed.
exit_status=255
