(C:$eeb1)   ADDR A  X  Y  SP 00 01 NV-BDIZC LIN CYC  STOPWATCH
.;eeb1 4f 01 01 f1 2f 37 00110111 000 001  765267049
(C:$eeb1) Displaying 40x25 screen at $0400:
0400                                          
0428      **** commodore 64 basic v2 ****     
0450                                          
0478   64k ram system  38911 basic bytes free 
04a0                                          
04c8  ready.                                  
04f0  load"*",8,1                             
0518                                          
0540  searching for *                         
0568                                          
0590                                          
05b8                                          
05e0                                          
0608                                          
0630                                          
0658                                          
0680                                          
06a8                                          
06d0                                          
06f8                                          
0720                                          
0748                                          
0770                                          
0798                                          
07c0                                          
(C:$eeb1) (C:$eeb1) (C:$eeb1) 