Detecting ISA HardSID boards.
Could not open '/dev/port'.
Cannot get permission to access $300.
Detecting PCI HardSID boards.
No PCI HardSID boards found.
CART: detach main -1: type: -1 id: -1
CART: unset cart config
Initializing chip model "MOS8565" (63 cycles per line, 312 raster lines).
VSP Bug: safe channels are: 0134. Emulation of memory corruption is disabled.
c64cartridge_reset changed: 1
set_cartridge_type: -1
 
*** VICE Version 3.7.1 ***
 
Welcome to x64sc, the free portable C64 Emulator.
 
Current VICE team members:
Martin Pottendorfer, Marco van den Heuvel, Fabrizio Gennari, Groepaz, 
Errol Smith, Ingo Korb, Olaf Seibert, Marcus Sutton, Kajtar Zsolt, AreaScout, 
Bas Wassink, Michael C. Martin, Christopher Phillips, David Hogan, 
Empathic Qubit, Roberto Muscedere, June Tate-Gans, Pablo Roldan.
 
This is free software with ABSOLUTELY NO WARRANTY.
See the "About VICE" command for more info.
 
random seed was: 0x6a8769b3
command line was: x64sc -console -warp +sound -directory /home/ubuntu/DAAD-harvester/preservation_corpus/runtime_resources/commodore -autostartprgmode 1 -autostart-delay 0 -autostart-warp -autostart /tmp/jabato_ass_part1.prg -remotemonitor -remotemonitoraddress ip4://127.0.0.1:6527 -limitcycles 3000000000
Loading system file `/home/ubuntu/DAAD-harvester/preservation_corpus/runtime_resources/commodore/C64/kernal-901227-03.bin'.
Loading system file `/home/ubuntu/DAAD-harvester/preservation_corpus/runtime_resources/commodore/C64/basic-901226-01.bin'.
Loading system file `/home/ubuntu/DAAD-harvester/preservation_corpus/runtime_resources/commodore/C64/chargen-901225-01.bin'.
MPS-803: Error - Could not load MPS-803 charset 'mps803.bin'.
Palette: Error - Palette not found: `mps803.vpl'.
MPS-803: Error - Cannot load palette file `mps803.vpl'.
NL10: Error - Could not load NL-10 ROM file 'nl10.bin'.
Palette: Error - Palette not found: `1520.vpl'.
plot1520: Error - Cannot load palette file `1520.vpl'.
DriveROM: Error - 1540 ROM image not found. Hardware-level 1540 emulation is not available.
DriveROM: Error - 1541 ROM image not found. Hardware-level 1541 emulation is not available.
DriveROM: Error - 1541-II ROM image not found. Hardware-level 1541-II emulation is not available.
DriveROM: Error - 1570 ROM image not found. Hardware-level 1570 emulation is not available.
DriveROM: Error - 1571 ROM image not found. Hardware-level 1571 emulation is not available.
DriveROM: Error - 1581 ROM image not found. Hardware-level 1581 emulation is not available.
DriveROM: Error - 2000 ROM image not found. Hardware-level 2000 emulation is not available.
DriveROM: Error - 4000 ROM image not found. Hardware-level 4000 emulation is not available.
DriveROM: Error - CMDHD ROM image not found. Hardware-level CMDHD emulation is not available.
DriveROM: Error - 2031 ROM image not found. Hardware-level 2031 emulation is not available.
DriveROM: Error - 2040 ROM image not found. Hardware-level 2040 emulation is not available.
DriveROM: Error - 3040 ROM image not found. Hardware-level 3040 emulation is not available.
DriveROM: Error - 4040 ROM image not found. Hardware-level 4040 emulation is not available.
DriveROM: Error - 1001/8050/8250 ROM image not found. Hardware-level 1001/8050/8250 emulation is not available.
DriveROM: Error - D9090/9060 ROM image not found. Hardware-level D9090/9060 emulation is not available.
Drive: Finished loading ROM images.
VIC-II: Initializing chip model "MOS8565" (63 cycles per line, 312 raster lines).
opening dynamic library libmp3lame.so failed!
ERROR setting up dynamic lame lib!
Sound: Available sound devices: pulse alsa dummy fs dump wav voc iff aiff mp3 soundmovie
Joystick: Linux joystick interface initialization...
Joystick: Warning - Cannot open joystick device `/dev/input/js0'.
Joystick: Warning - Cannot open joystick device `/dev/input/js1'.
Joystick: Warning - Cannot open joystick device `/dev/input/js2'.
Joystick: Warning - Cannot open joystick device `/dev/input/js3'.
Joystick: Warning - Cannot open joystick device `/dev/input/js4'.
Joystick: Warning - Cannot open joystick device `/dev/input/js5'.
Joystick: Warning - Cannot open joystick device `/dev/input/js6'.
Joystick: Warning - Cannot open joystick device `/dev/input/js7'.
GTK3MOUSE: Status changed: 0 (disabled)
Error - Default keymap not found, this should be fixed. Going on anyway...
AUTOSTART: Autodetecting image type of `/tmp/jabato_ass_part1.prg'.
Filesystem Image Probe: Error - Import GCR: Unknown GCR image version 48.
Filesystem Image: Unknown disk image `/tmp/jabato_ass_part1.prg'.
Tape: Error - Cannot open file `/tmp/jabato_ass_part1.prg'
Error - no CRT header found.
CART: '/tmp/jabato_ass_part1.prg' is not a valid CRT file.
AUTOSTART: Loading PRG file `/tmp/jabato_ass_part1.prg' with direct RAM injection.
AUTOSTART: Resetting the machine to autostart '*'
VIC-II: VSP Bug: safe channels are: 37. Emulation of memory corruption is disabled.
AUTOSTART: `/tmp/jabato_ass_part1.prg' recognized as program/p00 file.
Main CPU: starting at ($FFFC).
Main CPU: RESET.
Sync reset
AUTOSTART: Injecting program data at $0801 (size $8579)
AUTOSTART: Ready
AUTOSTART: Starting program.
AUTOSTART: Restoring FileSystemDevice8 to 1.
AUTOSTART: Restoring FSDevice8ConvertP00 to 1.
AUTOSTART: Restoring FSDeviceLongNames to 0.
AUTOSTART: Done.
Increasing trap_func array size to 1 with 1 to run
Sync reset
VICE thread initiating shutdown
VICE thread is exiting

Resources with non default values:
Directory="/home/ubuntu/DAAD-harvester/preservation_corpus/runtime_resources/commodore"
Sound=0
AutostartPrgMode=1
Drive8Type=0
MonitorServerAddress="ip4://127.0.0.1:6527"
MonitorServer=1

reconstructed commandline options (might be incomplete):
-default -directory "/home/ubuntu/DAAD-harvester/preservation_corpus/runtime_resources/commodore" +sound -autostartprgmode "1" -drive8type "0" -remotemonitor -remotemonitoraddress "ip4://127.0.0.1:6527"

VICE thread has been joined.
CART: detach main -1: type: -1 id: -1
CART: unset cart config
VIC-II: VSP Bug: safe channels are: 257. Emulation of memory corruption is disabled.
