(C:$e5d4) (C:$033d)   ADDR A  X  Y  SP 00 01 NV-BDIZC LIN CYC  STOPWATCH
.;033d 11 02 ff f0 2f 17 00100000 000 000   52619112
(C:$033d) >C:0000  2f 17 00 aa  b1 91 b3 00  00 00 00 4c  00 00 00 04   /..........L....
>C:0010  00 00 02 00  00 cd 19 16  00 04 16 08  00 00 00 00   ................
>C:0020  00 00 40 ae  69 00 00 00  00 00 00 01  08 2e 08 35   ..@.i..........5
>C:0030  08 35 08 00  a0 00 00 00  a0 14 00 00  00 1f 08 00   .5..............
>C:0040  00 00 08 00  00 58 00 30  08 08 08 ff  00 00 00 00   .....X.0........
>C:0050  00 00 00 03  4c 00 00 00  35 07 2e 07  00 00 00 00   ....L...5.......
>C:0060  00 90 00 00  cd 00 00 00  00 90 cd 00  00 00 00 00   ................
>C:0070  00 1b 08 e6  7a d0 02 e6  7b ad 2b 08  c9 3a b0 0a   ....z...{.+..:..
>C:0080  c9 20 f0 ef  38 e9 30 38  e9 d0 60 80  4f c7 52 58   . ..8.08..`.O.RX
>C:0090  40 ff 00 00  00 00 00 00  00 00 03 00  00 00 00 00   @...............
>C:00a0  00 03 09 08  00 00 00 00  00 00 80 6b  c3 d8 00 d9   ...........k....
>C:00b0  04 54 3c 03  81 00 00 03  01 ff 08 1a  ce 14 00 14   .T<.............
>C:00c0  07 9f 02 ff  ff 40 00 00  04 00 04 40  01 02 20 00   .....@.....@.. .
>C:00d0  00 08 06 07  00 27 0d 01  00 84 84 84  84 84 84 84   .....'..........
>C:00e0  85 85 85 85  85 85 86 86  86 86 86 86  86 87 87 87   ................
>C:00f0  87 87 87 08  da 00 00 00  00 00 00 00  3b 00 00 20   ............;.. 
>C:0100  33 38 39 31  31 00 30 30  30 30 ff ff  ff ff 00 00   38911.0000......
>C:0110  00 00 ff ff  ff ff 00 00  00 00 ff ff  ff ff 00 00   ................
>C:0120  00 00 ff ff  ff ff 00 00  00 00 ff ff  ff ff 00 00   ................
>C:0130  00 00 ff ff  ff ff 00 00  00 00 ff ff  ff ff 00 00   ................
>C:0140  00 00 ff ff  ff ff 00 00  00 00 ff ff  ff ff 00 00   ................
>C:0150  00 00 ff ff  ff ff 00 00  00 00 ff ff  ff ff 00 00   ................
>C:0160  00 00 ff ff  ff ff 00 00  00 00 ff ff  ff ff 00 00   ................
>C:0170  00 00 ff ff  ff ff 00 00  00 00 ff ff  ff ff 00 00   ................
>C:0180  00 00 ff ff  ff ff 00 00  00 00 ff ff  ff ff 00 00   ................
>C:0190  00 00 ff ff  ff ff 00 00  00 00 ff ff  ff ff 00 00   ................
>C:01a0  00 00 ff ff  ff ff 00 00  00 00 ff ff  ff ff 00 00   ................
>C:01b0  00 00 ff ff  ff ff 00 00  00 00 ff ff  ff ff 00 00   ................
>C:01c0  00 00 ff ff  ff ff 00 00  00 00 ff ff  ff ff 00 00   ................
>C:01d0  00 00 ff ff  ff ff 00 00  00 00 ff ff  ff ff 00 0e   ................
>C:01e0  bc 0e bc 81  85 bd 0c bd  ba ad 64 0e  bc 81 85 7d   ..........d....}
>C:01f0  ea 4e 03 b0  03 7b cd 46  e1 e9 a7 a7  79 a6 9c e3   .N...{.F....y...
>C:0200  93 00 41 00  00 00 00 00  00 00 00 00  00 00 00 00   ..A.............
>C:0210  00 00 00 00  00 00 00 00  00 00 00 00  00 00 00 00   ................
>C:0220  00 00 00 00  00 00 00 00  00 00 00 00  00 00 00 00   ................
>C:0230  00 00 00 00  00 00 00 00  00 00 00 00  00 00 00 00   ................
>C:0240  00 00 00 00  00 00 00 00  00 00 00 00  00 00 00 00   ................
>C:0250  00 00 00 00  00 00 00 00  00 00 00 00  00 00 00 00   ................
>C:0260  00 00 00 00  00 00 00 00  00 00 00 00  00 00 00 00   ................
>C:0270  00 00 00 00  00 00 00 00  00 00 00 00  00 00 00 00   ................
>C:0280  00 00 08 00  a0 00 0e 0e  04 0a 00 04  0a 00 00 48   ...............H
>C:0290  eb 00 00 00  00 00 00 00  00 00 00 00  00 00 00 a8   ................
>C:02a0  02 00 11 90  11 00 01 00  a9 20 a2 08  a0 00 91 ac   ......... ......
>C:02b0  20 db fc e4  ad d0 f7 a2  d0 b9 d1 fc  91 ac c8 d0    ...............
>C:02c0  f8 e6 ad e4  ad d0 f2 a9  80 85 9d a9  00 8d 00 08   ................
>C:02d0  85 c6 4c 78  03 00 ad 01  dd 29 01 85  a7 ad 06 dd   ..Lx.....)......
>C:02e0  e9 1c 6d 99  02 8d 06 dd  ad 07 dd 6d  9a 02 8d 07   ..m........m....
>C:02f0  dd a9 11 8d  0f dd ad a1  02 8d 0d dd  d0 df 4c d4   ..............L.
>C:0300  8b e3 83 a4  7c a5 a8 02  e4 a7 86 ae  00 00 00 00   ....|...........
>C:0310  4c 48 b2 00  31 ea ff c5  c1 fe 4a f3  91 f2 0e f2   LH..1.....J.....
>C:0320  50 f2 33 f3  57 f1 ca f1  ea f6 3e f1  2f f3 66 fe   P.3.W.....>./.f.
>C:0330  78 03 ed f5  a9 10 2c 0d  dc f0 fb a9  11 8d 0e dd   x.....,.........
>C:0340  ad 0d dd 4a  2c 0d dc 66  fc 60 a2 0a  20 34 03 ee   ...J,..f.`.. 4..
>C:0350  20 d0 ca d0  f7 a5 fc 60  ea ea a9 81  8d 0d dc 58    ......`.......X
>C:0360  a9 00 20 71  a8 4c ea a7  dc 58 a9 00  20 71 a8 4c   .. q.L...X.. q.L
>C:0370  ea a7 00 00  00 00 00 8d  a9 b6 8d 04  dd a9 01 8d   ................
>C:0380  05 dd a0 7f  8c 0d dd 8c  0d dc a9 07  85 01 84 fc   ................
>C:0390  20 34 03 d0  fb 20 4a 03  d0 f4 20 4a  03 f0 fb c9    4... J... J....
>C:03a0  16 d0 eb a0  03 20 4a 03  99 ac 00 88  10 f7 20 4a   ..... J....... J
>C:03b0  03 81 ac 20  db fc 20 d1  fc 90 f3 b0  e6 a9 b0 8d   ... .. .........
>C:03c0  bb 03 a9 81  8d 0d dc 58  20 ca fc 2c  53 e4 a2 e8   .......X ..,S...
>C:03d0  a0 c3 a9 40  85 90 18 60  00 00 00 1c  bd a2 e3 24   ...@...`.......$
>C:03e0  73 ca 10 f8  a9 48 a0 eb  8d 8f 02 8c  90 02 4c 78   s....H........Lx
>C:03f0  03 00 5f 94  60 00 ff 1c  63 63 1f 20  20 20 20 20   .._.`...cc.     
>C:0400  20 20 20 20  20 20 20 20  20 20 20 20  20 20 20 20                   
>C:0410  20 20 20 20  20 20 20 20  20 20 20 20  20 20 20 20                   
>C:0420  20 20 20 20  20 20 20 20  20 20 20 20  20 20 20 20                   
>C:0430  20 20 20 20  20 20 20 20  20 20 20 20  20 20 20 20                   
>C:0440  20 20 20 20  20 20 20 20  20 20 20 20  20 20 20 20                   
>C:0450  20 20 20 20  20 20 20 20  20 20 20 20  20 20 20 20                   
>C:0460  20 20 20 20  20 20 20 20  20 20 20 20  20 20 20 20                   
>C:0470  20 20 20 20  20 20 20 20  20 20 20 20  20 20 20 20                   
>C:0480  20 20 20 20  20 20 20 20  20 20 20 20  20 20 20 20                   
>C:0490  20 20 20 20  20 20 20 20  20 20 20 20  20 20 20 20                   
>C:04a0  20 20 20 20  20 20 20 20  20 20 20 20  20 20 20 20                   
>C:04b0  20 20 20 20  20 20 20 20  20 20 20 20  20 20 20 20                   
>C:04c0  20 20 20 20  20 20 20 20  20 20 20 20  20 20 20 20                   
>C:04d0  20 20 20 20  20 20 20 20  20 20 20 20  20 20 20 20                   
>C:04e0  20 20 20 20  20 20 20 20  20 20 20 20  20 20 20 20                   
>C:04f0  20 20 20 20  20 20 20 20  20 20 20 20  20 20 20 20                   
>C:0500  20 20 20 20  20 20 20 20  20 20 20 20  20 20 20 20                   
>C:0510  20 20 20 20  20 20 20 20  20 20 20 20  20 20 20 20                   
>C:0520  20 20 20 20  20 20 20 20  20 20 20 20  20 20 20 20                   
>C:0530  20 20 20 20  20 20 20 20  20 20 20 20  20 20 20 20                   
>C:0540  20 20 20 20  20 20 20 20  20 20 20 20  20 20 20 20                   
>C:0550  20 20 20 20  20 20 20 20  20 20 20 20  20 20 20 20                   
>C:0560  20 20 20 20  20 20 20 20  20 20 20 20  20 20 20 20                   
>C:0570  20 20 20 20  20 20 20 20  20 20 20 20  20 20 20 20                   
>C:0580  20 20 20 20  20 20 20 20  20 20 20 20  20 20 20 20                   
>C:0590  20 20 20 20  20 20 20 20  20 20 20 20  20 20 20 20                   
>C:05a0  20 20 20 20  20 20 20 20  20 20 20 20  20 20 20 20                   
>C:05b0  20 20 20 20  20 20 20 20  20 20 20 20  20 20 20 20                   
>C:05c0  20 20 20 20  20 20 20 20  20 20 20 20  20 20 20 20                   
>C:05d0  20 20 20 20  20 20 20 20  20 20 20 20  20 20 20 20                   
>C:05e0  20 20 20 20  20 20 20 20  20 20 20 20  20 20 20 20                   
>C:05f0  20 20 20 20  20 20 20 20  20 20 20 20  20 20 20 20                   
>C:0600  20 20 20 20  20 20 20 20  20 20 20 20  20 20 20 20                   
>C:0610  20 20 20 20  20 20 20 20  20 20 20 20  20 20 20 20                   
>C:0620  20 20 20 20  20 20 20 20  20 20 20 20  20 20 20 20                   
>C:0630  20 20 20 20  20 20 20 20  20 20 20 20  20 20 20 20                   
>C:0640  20 20 20 20  20 20 20 20  20 20 20 20  20 20 20 20                   
>C:0650  20 20 20 20  20 20 20 20  20 20 20 20  20 20 20 20                   
>C:0660  20 20 20 20  20 20 20 20  20 20 20 20  20 20 20 20                   
>C:0670  20 20 20 20  20 20 20 20  20 20 20 20  20 20 20 20                   
>C:0680  20 20 20 20  20 20 20 20  20 20 20 20  20 20 20 20                   
>C:0690  20 20 20 20  20 20 20 20  20 20 20 20  20 20 20 20                   
>C:06a0  20 20 20 20  20 20 20 20  20 20 20 20  20 20 20 20                   
>C:06b0  20 20 20 20  20 20 20 20  20 20 20 20  20 20 20 20                   
>C:06c0  20 20 20 20  20 20 20 20  20 20 20 20  20 20 20 20                   
>C:06d0  20 20 20 20  20 20 20 20  20 20 20 20  20 20 20 20                   
>C:06e0  20 20 20 20  20 20 20 20  20 20 20 20  20 20 20 20                   
>C:06f0  20 20 20 20  20 20 20 20  20 20 20 20  20 20 20 20                   
>C:0700  20 20 20 20  20 20 20 20  20 20 20 20  20 20 20 20                   
>C:0710  20 20 20 20  20 20 20 20  20 20 20 20  20 20 20 20                   
>C:0720  20 20 20 20  20 20 20 20  20 20 20 20  20 20 20 20                   
>C:0730  20 20 20 20  20 20 20 20  20 20 20 20  20 20 20 20                   
>C:0740  20 20 20 20  20 20 20 20  20 20 20 20  20 20 20 20                   
>C:0750  20 20 20 20  20 20 20 20  20 20 20 20  20 20 20 20                   
>C:0760  20 20 20 20  20 20 20 20  20 20 20 20  20 20 20 20                   
>C:0770  20 20 20 20  20 20 20 20  20 20 20 20  20 20 20 20                   
>C:0780  20 20 20 20  20 20 20 20  20 20 20 20  20 20 20 20                   
>C:0790  20 20 20 20  20 20 20 20  20 20 20 20  20 20 20 20                   
>C:07a0  20 20 20 20  20 20 20 20  20 20 20 20  20 20 20 20                   
>C:07b0  20 20 20 20  20 20 20 20  20 20 20 20  20 20 20 20                   
>C:07c0  20 20 20 20  20 20 20 20  20 20 20 20  20 20 20 20                   
>C:07d0  20 20 20 20  20 20 20 20  20 20 20 20  20 20 20 20                   
>C:07e0  20 20 20 20  20 20 20 20  20 20 20 20  20 20 20 20                   
>C:07f0  20 20 20 20  20 20 20 20  20 20 20 20  20 20 20 20                   
(C:$0800) .C:0200  93 00       SHA ($00),Y
.C:0202  41 00       EOR ($00,X)
.C:0204  00          BRK
.C:0205  00          BRK
.C:0206  00          BRK
.C:0207  00          BRK
.C:0208  00          BRK
.C:0209  00          BRK
.C:020a  00          BRK
.C:020b  00          BRK
.C:020c  00          BRK
.C:020d  00          BRK
.C:020e  00          BRK
.C:020f  00          BRK
.C:0210  00          BRK
.C:0211  00          BRK
.C:0212  00          BRK
.C:0213  00          BRK
.C:0214  00          BRK
.C:0215  00          BRK
.C:0216  00          BRK
.C:0217  00          BRK
.C:0218  00          BRK
.C:0219  00          BRK
.C:021a  00          BRK
.C:021b  00          BRK
.C:021c  00          BRK
.C:021d  00          BRK
.C:021e  00          BRK
.C:021f  00          BRK
.C:0220  00          BRK
.C:0221  00          BRK
.C:0222  00          BRK
.C:0223  00          BRK
.C:0224  00          BRK
.C:0225  00          BRK
.C:0226  00          BRK
.C:0227  00          BRK
.C:0228  00          BRK
.C:0229  00          BRK
.C:022a  00          BRK
.C:022b  00          BRK
.C:022c  00          BRK
.C:022d  00          BRK
.C:022e  00          BRK
.C:022f  00          BRK
.C:0230  00          BRK
.C:0231  00          BRK
.C:0232  00          BRK
.C:0233  00          BRK
.C:0234  00          BRK
.C:0235  00          BRK
.C:0236  00          BRK
.C:0237  00          BRK
.C:0238  00          BRK
.C:0239  00          BRK
.C:023a  00          BRK
.C:023b  00          BRK
.C:023c  00          BRK
.C:023d  00          BRK
.C:023e  00          BRK
.C:023f  00          BRK
.C:0240  00          BRK
.C:0241  00          BRK
.C:0242  00          BRK
.C:0243  00          BRK
.C:0244  00          BRK
.C:0245  00          BRK
.C:0246  00          BRK
.C:0247  00          BRK
.C:0248  00          BRK
.C:0249  00          BRK
.C:024a  00          BRK
.C:024b  00          BRK
.C:024c  00          BRK
.C:024d  00          BRK
.C:024e  00          BRK
.C:024f  00          BRK
.C:0250  00          BRK
.C:0251  00          BRK
.C:0252  00          BRK
.C:0253  00          BRK
.C:0254  00          BRK
.C:0255  00          BRK
.C:0256  00          BRK
.C:0257  00          BRK
.C:0258  00          BRK
.C:0259  00          BRK
.C:025a  00          BRK
.C:025b  00          BRK
.C:025c  00          BRK
.C:025d  00          BRK
.C:025e  00          BRK
.C:025f  00          BRK
.C:0260  00          BRK
.C:0261  00          BRK
.C:0262  00          BRK
.C:0263  00          BRK
.C:0264  00          BRK
.C:0265  00          BRK
.C:0266  00          BRK
.C:0267  00          BRK
.C:0268  00          BRK
.C:0269  00          BRK
.C:026a  00          BRK
.C:026b  00          BRK
.C:026c  00          BRK
.C:026d  00          BRK
.C:026e  00          BRK
.C:026f  00          BRK
.C:0270  00          BRK
.C:0271  00          BRK
.C:0272  00          BRK
.C:0273  00          BRK
.C:0274  00          BRK
.C:0275  00          BRK
.C:0276  00          BRK
.C:0277  00          BRK
.C:0278  00          BRK
.C:0279  00          BRK
.C:027a  00          BRK
.C:027b  00          BRK
.C:027c  00          BRK
.C:027d  00          BRK
.C:027e  00          BRK
.C:027f  00          BRK
.C:0280  00          BRK
.C:0281  00          BRK
.C:0282  08          PHP
.C:0283  00          BRK
.C:0284  A0 00       LDY #$00
.C:0286  0E 0E 04    ASL $040E
.C:0289  0A          ASL A
.C:028a  00          BRK
.C:028b  04 0A       NOOP $0A
.C:028d  00          BRK
.C:028e  00          BRK
.C:028f  48          PHA
.C:0290  EB 00       USBC #$00
.C:0292  00          BRK
.C:0293  00          BRK
.C:0294  00          BRK
.C:0295  00          BRK
.C:0296  00          BRK
.C:0297  00          BRK
.C:0298  00          BRK
.C:0299  00          BRK
.C:029a  00          BRK
.C:029b  00          BRK
.C:029c  00          BRK
.C:029d  00          BRK
.C:029e  00          BRK
.C:029f  A8          TAY
.C:02a0  02          JAM
.C:02a1  00          BRK
.C:02a2  11 90       ORA ($90),Y
.C:02a4  11 00       ORA ($00),Y
.C:02a6  01 00       ORA ($00,X)
.C:02a8  A9 20       LDA #$20
.C:02aa  A2 08       LDX #$08
.C:02ac  A0 00       LDY #$00
.C:02ae  91 AC       STA ($AC),Y
.C:02b0  20 DB FC    JSR $FCDB
.C:02b3  E4 AD       CPX $AD
.C:02b5  D0 F7       BNE $02AE
.C:02b7  A2 D0       LDX #$D0
.C:02b9  B9 D1 FC    LDA $FCD1,Y
.C:02bc  91 AC       STA ($AC),Y
.C:02be  C8          INY
.C:02bf  D0 F8       BNE $02B9
.C:02c1  E6 AD       INC $AD
.C:02c3  E4 AD       CPX $AD
.C:02c5  D0 F2       BNE $02B9
.C:02c7  A9 80       LDA #$80
.C:02c9  85 9D       STA $9D
.C:02cb  A9 00       LDA #$00
.C:02cd  8D 00 08    STA $0800
.C:02d0  85 C6       STA $C6
.C:02d2  4C 78 03    JMP $0378
.C:02d5  00          BRK
.C:02d6  AD 01 DD    LDA $DD01
.C:02d9  29 01       AND #$01
.C:02db  85 A7       STA $A7
.C:02dd  AD 06 DD    LDA $DD06
.C:02e0  E9 1C       SBC #$1C
.C:02e2  6D 99 02    ADC $0299
.C:02e5  8D 06 DD    STA $DD06
.C:02e8  AD 07 DD    LDA $DD07
.C:02eb  6D 9A 02    ADC $029A
.C:02ee  8D 07 DD    STA $DD07
.C:02f1  A9 11       LDA #$11
.C:02f3  8D 0F DD    STA $DD0F
.C:02f6  AD A1 02    LDA $02A1
.C:02f9  8D 0D DD    STA $DD0D
.C:02fc  D0 DF       BNE $02DD
.C:02fe  4C D4 8B    JMP $8BD4
.C:0301  E3 83       ISB ($83,X)
.C:0303  A4 7C       LDY $7C
.C:0305  A5 A8       LDA $A8
.C:0307  02          JAM
.C:0308  E4 A7       CPX $A7
.C:030a  86 AE       STX $AE
.C:030c  00          BRK
.C:030d  00          BRK
.C:030e  00          BRK
.C:030f  00          BRK
.C:0310  4C 48 B2    JMP $B248
.C:0313  00          BRK
.C:0314  31 EA       AND ($EA),Y
.C:0316  FF C5 C1    ISB $C1C5,X
.C:0319  FE 4A F3    INC $F34A,X
.C:031c  91 F2       STA ($F2),Y
.C:031e  0E F2 50    ASL $50F2
.C:0321  F2          JAM
.C:0322  33 F3       RLA ($F3),Y
.C:0324  57 F1       SRE $F1,X
.C:0326  CA          DEX
.C:0327  F1 EA       SBC ($EA),Y
.C:0329  F6 3E       INC $3E,X
.C:032b  F1 2F       SBC ($2F),Y
.C:032d  F3 66       ISB ($66),Y
.C:032f  FE 78 03    INC $0378,X
.C:0332  ED F5 A9    SBC $A9F5
.C:0335  10 2C       BPL $0363
.C:0337  0D DC F0    ORA $F0DC
.C:033a  FB A9 11    ISB $11A9,Y
.C:033d  8D 0E DD    STA $DD0E
.C:0340  AD 0D DD    LDA $DD0D
.C:0343  4A          LSR A
.C:0344  2C 0D DC    BIT $DC0D
.C:0347  66 FC       ROR $FC
.C:0349  60          RTS
.C:034a  A2 0A       LDX #$0A
.C:034c  20 34 03    JSR $0334
.C:034f  EE 20 D0    INC $D020
.C:0352  CA          DEX
.C:0353  D0 F7       BNE $034C
.C:0355  A5 FC       LDA $FC
.C:0357  60          RTS
.C:0358  EA          NOP
.C:0359  EA          NOP
.C:035a  A9 81       LDA #$81
.C:035c  8D 0D DC    STA $DC0D
.C:035f  58          CLI
.C:0360  A9 00       LDA #$00
.C:0362  20 71 A8    JSR $A871
.C:0365  4C EA A7    JMP $A7EA
.C:0368  DC 58 A9    NOOP $A958,X
.C:036b  00          BRK
.C:036c  20 71 A8    JSR $A871
.C:036f  4C EA A7    JMP $A7EA
.C:0372  00          BRK
.C:0373  00          BRK
.C:0374  00          BRK
.C:0375  00          BRK
.C:0376  00          BRK
.C:0377  8D A9 B6    STA $B6A9
.C:037a  8D 04 DD    STA $DD04
.C:037d  A9 01       LDA #$01
.C:037f  8D 05 DD    STA $DD05
.C:0382  A0 7F       LDY #$7F
.C:0384  8C 0D DD    STY $DD0D
.C:0387  8C 0D DC    STY $DC0D
.C:038a  A9 07       LDA #$07
.C:038c  85 01       STA $01
.C:038e  84 FC       STY $FC
.C:0390  20 34 03    JSR $0334
.C:0393  D0 FB       BNE $0390
.C:0395  20 4A 03    JSR $034A
.C:0398  D0 F4       BNE $038E
.C:039a  20 4A 03    JSR $034A
.C:039d  F0 FB       BEQ $039A
.C:039f  C9 16       CMP #$16
.C:03a1  D0 EB       BNE $038E
.C:03a3  A0 03       LDY #$03
.C:03a5  20 4A 03    JSR $034A
.C:03a8  99 AC 00    STA $00AC,Y
.C:03ab  88          DEY
.C:03ac  10 F7       BPL $03A5
.C:03ae  20 4A 03    JSR $034A
.C:03b1  81 AC       STA ($AC,X)
.C:03b3  20 DB FC    JSR $FCDB
.C:03b6  20 D1 FC    JSR $FCD1
.C:03b9  90 F3       BCC $03AE
.C:03bb  B0 E6       BCS $03A3
.C:03bd  A9 B0       LDA #$B0
.C:03bf  8D BB 03    STA $03BB
.C:03c2  A9 81       LDA #$81
.C:03c4  8D 0D DC    STA $DC0D
.C:03c7  58          CLI
.C:03c8  20 CA FC    JSR $FCCA
.C:03cb  2C 53 E4    BIT $E453
.C:03ce  A2 E8       LDX #$E8
.C:03d0  A0 C3       LDY #$C3
.C:03d2  A9 40       LDA #$40
.C:03d4  85 90       STA $90
.C:03d6  18          CLC
.C:03d7  60          RTS
.C:03d8  00          BRK
.C:03d9  00          BRK
.C:03da  00          BRK
.C:03db  1C BD A2    NOOP $A2BD,X
.C:03de  E3 24       ISB ($24,X)
.C:03e0  73 CA       RRA ($CA),Y
.C:03e2  10 F8       BPL $03DC
.C:03e4  A9 48       LDA #$48
.C:03e6  A0 EB       LDY #$EB
.C:03e8  8D 8F 02    STA $028F
.C:03eb  8C 90 02    STY $0290
.C:03ee  4C 78 03    JMP $0378
.C:03f1  00          BRK
.C:03f2  5F 94 60    SRE $6094,X
.C:03f5  00          BRK
.C:03f6  FF 1C 63    ISB $631C,X
.C:03f9  63 1F       RRA ($1F,X)
.C:03fb  20 20 20    JSR $2020
.C:03fe  20 20 20    JSR $2020
.C:0401  20 20 20    JSR $2020
.C:0404  20 20 20    JSR $2020
.C:0407  20 20 20    JSR $2020
.C:040a  20 20 20    JSR $2020
.C:040d  20 20 20    JSR $2020
.C:0410  20 20 20    JSR $2020
.C:0413  20 20 20    JSR $2020
.C:0416  20 20 20    JSR $2020
.C:0419  20 20 20    JSR $2020
.C:041c  20 20 20    JSR $2020
.C:041f  20 20 20    JSR $2020
.C:0422  20 20 20    JSR $2020
.C:0425  20 20 20    JSR $2020
.C:0428  20 20 20    JSR $2020
.C:042b  20 20 20    JSR $2020
.C:042e  20 20 20    JSR $2020
.C:0431  20 20 20    JSR $2020
.C:0434  20 20 20    JSR $2020
.C:0437  20 20 20    JSR $2020
.C:043a  20 20 20    JSR $2020
.C:043d  20 20 20    JSR $2020
.C:0440  20 20 20    JSR $2020
.C:0443  20 20 20    JSR $2020
.C:0446  20 20 20    JSR $2020
.C:0449  20 20 20    JSR $2020
.C:044c  20 20 20    JSR $2020
.C:044f  20 20 20    JSR $2020
.C:0452  20 20 20    JSR $2020
.C:0455  20 20 20    JSR $2020
.C:0458  20 20 20    JSR $2020
.C:045b  20 20 20    JSR $2020
.C:045e  20 20 20    JSR $2020
.C:0461  20 20 20    JSR $2020
.C:0464  20 20 20    JSR $2020
.C:0467  20 20 20    JSR $2020
.C:046a  20 20 20    JSR $2020
.C:046d  20 20 20    JSR $2020
.C:0470  20 20 20    JSR $2020
.C:0473  20 20 20    JSR $2020
.C:0476  20 20 20    JSR $2020
.C:0479  20 20 20    JSR $2020
.C:047c  20 20 20    JSR $2020
.C:047f  20 20 20    JSR $2020
.C:0482  20 20 20    JSR $2020
.C:0485  20 20 20    JSR $2020
.C:0488  20 20 20    JSR $2020
.C:048b  20 20 20    JSR $2020
.C:048e  20 20 20    JSR $2020
.C:0491  20 20 20    JSR $2020
.C:0494  20 20 20    JSR $2020
.C:0497  20 20 20    JSR $2020
.C:049a  20 20 20    JSR $2020
.C:049d  20 20 20    JSR $2020
.C:04a0  20 20 20    JSR $2020
.C:04a3  20 20 20    JSR $2020
.C:04a6  20 20 20    JSR $2020
.C:04a9  20 20 20    JSR $2020
.C:04ac  20 20 20    JSR $2020
.C:04af  20 20 20    JSR $2020
.C:04b2  20 20 20    JSR $2020
.C:04b5  20 20 20    JSR $2020
.C:04b8  20 20 20    JSR $2020
.C:04bb  20 20 20    JSR $2020
.C:04be  20 20 20    JSR $2020
.C:04c1  20 20 20    JSR $2020
.C:04c4  20 20 20    JSR $2020
.C:04c7  20 20 20    JSR $2020
.C:04ca  20 20 20    JSR $2020
.C:04cd  20 20 20    JSR $2020
.C:04d0  20 20 20    JSR $2020
.C:04d3  20 20 20    JSR $2020
.C:04d6  20 20 20    JSR $2020
.C:04d9  20 20 20    JSR $2020
.C:04dc  20 20 20    JSR $2020
.C:04df  20 20 20    JSR $2020
.C:04e2  20 20 20    JSR $2020
.C:04e5  20 20 20    JSR $2020
.C:04e8  20 20 20    JSR $2020
.C:04eb  20 20 20    JSR $2020
.C:04ee  20 20 20    JSR $2020
.C:04f1  20 20 20    JSR $2020
.C:04f4  20 20 20    JSR $2020
.C:04f7  20 20 20    JSR $2020
.C:04fa  20 20 20    JSR $2020
.C:04fd  20 20 20    JSR $2020
.C:0500  20 20 20    JSR $2020
(C:$0503) 