================================================================================
SESSION TAG:     20260822_064150
CATEGORY:        VERIFIED DAAD DDB
TIMESTAMP:       2026-08-22T06:41:51.347630
GAME ID         : art_68
TITLE           : Chichén Itzá
PLATFORM        : AMIGA
VERSION GUESS   : DAAD DDB v2
LANGUAGE        : unknown
FILENAME        : PART1.DDB
FILE SIZE       : 42804 bytes
SOURCE URL      : https://archive.org/download/Chichen_Itza_1991_Aventuras_AD_ES_cr_QTX/Chichen_Itza_1991_Aventuras_AD_ES_cr_QTX.adf
EXTRACTED PATH  : /home/ubuntu/DAAD-harvester/preservation_corpus/extracted/depth1_d78a30e6_PART1.DDB
--- HASHES ---
MD5_FULL        : N/A
MD5_5000        : N/A
SHA256          : efaeabc0a3dcc9a0654975632647e4b0e6caa7fcbcbb7a2de2c166e9ca9c62a7
SHA1            : N/A
CRC32           : N/A
XXH64           : N/A
================================================================ drop
================================================================================
SESSION TAG:     20260822_064150
CATEGORY:        VERIFIED DAAD DDB
TIMESTAMP:       2026-08-22T06:41:51.478168
GAME ID         : art_76
TITLE           : Chichén Itzá
PLATFORM        : AMIGA
VERSION GUESS   : DAAD DDB v2
LANGUAGE        : unknown
FILENAME        : PART2.DDB
FILE SIZE       : 43990 bytes
SOURCE URL      : https://archive.org/download/Chichen_Itza_1991_Aventuras_AD_ES_cr_QTX/Chichen_Itza_1991_Aventuras_AD_ES_cr_QTX.adf
EXTRACTED PATH  : /home/ubuntu/DAAD-harvester/preservation_corpus/extracted/depth1_806a1c74_PART2.DDB
--- HASHES ---
MD5_FULL        : N/A
MD5_5000        : N/A
SHA256          : efe5be7e82982365699cc78308d382d86262e6f2458b6ea8c09314aa49bcc414
SHA1            : N/A
CRC32           : N/A
XXH64           : N/A
================================================================ drop
================================================================================
SESSION TAG:     20260822_064150
CATEGORY:        VERIFIED DAAD DDB
TIMESTAMP:       2026-08-22T06:41:51.620903
GAME ID         : art_83
TITLE           : Chichén Itzá
PLATFORM        : ZX
VERSION GUESS   : DAAD DDB v2
LANGUAGE        : unknown
FILENAME        : Chichen Itza - Part 1.tap
FILE SIZE       : 48166 bytes
SOURCE URL      : https://www.worldofspectrum.org//pub/sinclair/games/c/ChichenItza.tap.zip
EXTRACTED PATH  : /home/ubuntu/DAAD-harvester/preservation_corpus/extracted/depth1_c3c04791_Chichen Itza - Part 1.tap
--- HASHES ---
MD5_FULL        : N/A
MD5_5000        : N/A
SHA256          : 7b032a6caa265e901bd45353f2aa7f382dcc80bb6fa88c7e20cb01bfea969f2f
SHA1            : N/A
CRC32           : N/A
XXH64           : N/A
================================================================ drop
================================================================================
SESSION TAG:     20260822_064150
CATEGORY:        VERIFIED DAAD DDB
TIMESTAMP:       2026-08-22T06:41:51.710737
GAME ID         : art_86
TITLE           : Chichén Itzá
PLATFORM        : ZX
VERSION GUESS   : DAAD DDB v2
LANGUAGE        : unknown
FILENAME        : CODE.bin
FILE SIZE       : 40960 bytes
SOURCE URL      : https://www.worldofspectrum.org//pub/sinclair/games/c/ChichenItza.tap.zip
EXTRACTED PATH  : /home/ubuntu/DAAD-harvester/preservation_corpus/extracted/depth2_f60ae20d_CODE.bin
--- HASHES ---
MD5_FULL        : N/A
MD5_5000        : N/A
SHA256          : 1347aeeedada456d70d72205afffc002bb77fd946f317d6e25e1a7edd7eaf61d
SHA1            : N/A
CRC32           : N/A
XXH64           : N/A
================================================================ drop
================================================================================
SESSION TAG:     20260822_064150
CATEGORY:        VERIFIED DAAD DDB
TIMESTAMP:       2026-08-22T06:41:51.798402
GAME ID         : art_87
TITLE           : Chichén Itzá
PLATFORM        : ZX
VERSION GUESS   : DAAD DDB v2
LANGUAGE        : unknown
FILENAME        : CODE__embedded_002400.ddb
FILE SIZE       : 22194 bytes
SOURCE URL      : https://www.worldofspectrum.org//pub/sinclair/games/c/ChichenItza.tap.zip
EXTRACTED PATH  : /home/ubuntu/DAAD-harvester/preservation_corpus/extracted/depth3_25a67864_CODE__embedded_002400.ddb
--- HASHES ---
MD5_FULL        : N/A
MD5_5000        : N/A
SHA256          : 7d7b26973b9c36a6dca4e804e2c4dbfccda663985f6052080ac85151bb1386ab
SHA1            : N/A
CRC32           : N/A
XXH64           : N/A
================================================================ drop
================================================================================
SESSION TAG:     20260822_064150
CATEGORY:        VERIFIED DAAD DDB
TIMESTAMP:       2026-08-22T06:41:51.887546
GAME ID         : art_88
TITLE           : Chichén Itzá
PLATFORM        : ZX
VERSION GUESS   : DAAD DDB v2
LANGUAGE        : unknown
FILENAME        : Chichen Itza - Part 2.tap
FILE SIZE       : 48166 bytes
SOURCE URL      : https://www.worldofspectrum.org//pub/sinclair/games/c/ChichenItza.tap.zip
EXTRACTED PATH  : /home/ubuntu/DAAD-harvester/preservation_corpus/extracted/depth1_474a3a55_Chichen Itza - Part 2.tap
--- HASHES ---
MD5_FULL        : N/A
MD5_5000        : N/A
SHA256          : d2982344263f96ade41d8590fe975ba6b6867d7af87ccddfc0417b5db11a8f73
SHA1            : N/A
CRC32           : N/A
XXH64           : N/A
================================================================ drop
================================================================================
SESSION TAG:     20260822_064150
CATEGORY:        VERIFIED DAAD DDB
TIMESTAMP:       2026-08-22T06:41:51.976587
GAME ID         : art_90
TITLE           : Chichén Itzá
PLATFORM        : ZX
VERSION GUESS   : DAAD DDB v2
LANGUAGE        : unknown
FILENAME        : CODE.bin
FILE SIZE       : 40960 bytes
SOURCE URL      : https://www.worldofspectrum.org//pub/sinclair/games/c/ChichenItza.tap.zip
EXTRACTED PATH  : /home/ubuntu/DAAD-harvester/preservation_corpus/extracted/depth2_05ac0a89_CODE.bin
--- HASHES ---
MD5_FULL        : N/A
MD5_5000        : N/A
SHA256          : 8106ead8245388c32d5c9ec70a86b4753afa063da78448cb50b7ed91bc0a11d4
SHA1            : N/A
CRC32           : N/A
XXH64           : N/A
================================================================ drop
================================================================================
SESSION TAG:     20260822_064150
CATEGORY:        VERIFIED DAAD DDB
TIMESTAMP:       2026-08-22T06:41:52.065454
GAME ID         : art_91
TITLE           : Chichén Itzá
PLATFORM        : ZX
VERSION GUESS   : DAAD DDB v2
LANGUAGE        : unknown
FILENAME        : CODE__embedded_002400.ddb
FILE SIZE       : 26489 bytes
SOURCE URL      : https://www.worldofspectrum.org//pub/sinclair/games/c/ChichenItza.tap.zip
EXTRACTED PATH  : /home/ubuntu/DAAD-harvester/preservation_corpus/extracted/depth3_baf4ceb2_CODE__embedded_002400.ddb
--- HASHES ---
MD5_FULL        : N/A
MD5_5000        : N/A
SHA256          : 8002699b5958444129348bed0258833467e41cd7651ee10e61733300113ae474
SHA1            : N/A
CRC32           : N/A
XXH64           : N/A
================================================================ drop
================================================================================
SESSION TAG:     20260822_064150
CATEGORY:        VERIFIED DAAD DDB
TIMESTAMP:       2026-08-22T06:41:52.141003
GAME ID         : art_105
TITLE           : Jabato
PLATFORM        : C64
VERSION GUESS   : DAAD DDB v1
LANGUAGE        : es
FILENAME        : jabato_side_a_runtime_part1.ddb
FILE SIZE       : 24899 bytes
SOURCE URL      : https://www.planetemu.net/rom/commodore-c64-games-adventure-tap/jabato-1989-aventuras-ad-side-a
EXTRACTED PATH  : /home/ubuntu/DAAD-harvester/preservation_corpus/derived/commodore_loader/jabato_side_a_tap_second_space_part1.ddb
--- HASHES ---
MD5_FULL        : N/A
MD5_5000        : N/A
SHA256          : 7ffbee6ca3e614011b30261a74022d199ee3345843a0525e92dc9cb5b7bdb5e6
SHA1            : N/A
CRC32           : N/A
XXH64           : N/A
================================================================ drop
================================================================================
SESSION TAG:     20260822_064150
CATEGORY:        VERIFIED DAAD DDB
TIMESTAMP:       2026-08-22T06:41:52.182737
GAME ID         : art_106
TITLE           : Jabato
PLATFORM        : C64
VERSION GUESS   : DAAD DDB v1
LANGUAGE        : es
FILENAME        : jabato_side_b_runtime_part2.ddb
FILE SIZE       : 24680 bytes
SOURCE URL      : https://www.planetemu.net/rom/commodore-c64-games-adventure-tap/jabato-1989-aventuras-ad-side-b
EXTRACTED PATH  : /home/ubuntu/DAAD-harvester/preservation_corpus/derived/commodore_loader/jabato_side_b_tap_post_input_12_part2.ddb
--- HASHES ---
MD5_FULL        : N/A
MD5_5000        : N/A
SHA256          : ee3b41f61fc01c27ad776e271f313a2e3fc88875cc9c8e0debebe6904fa48e69
SHA1            : N/A
CRC32           : N/A
XXH64           : N/A
================================================================ drop
================================================================================
SESSION TAG:     20260822_064150
CATEGORY:        VERIFIED DAAD DDB
TIMESTAMP:       2026-08-22T06:41:52.224252
GAME ID         : art_107
TITLE           : Jabato
PLATFORM        : C64
VERSION GUESS   : DAAD DDB v1
LANGUAGE        : es
FILENAME        : jabato_ass_part1_post_mirar.ddb
FILE SIZE       : 24899 bytes
SOURCE URL      : https://archive.org/download/Jabato_1989_Aventuras_AD_es_cr_ASS/Jabato_1989_Aventuras_AD_es_cr_ASS.d64
EXTRACTED PATH  : /home/ubuntu/DAAD-harvester/preservation_corpus/derived/commodore_loader/jabato_ass_part1_post_mirar.ddb
--- HASHES ---
MD5_FULL        : N/A
MD5_5000        : N/A
SHA256          : 7ffbee6ca3e614011b30261a74022d199ee3345843a0525e92dc9cb5b7bdb5e6
SHA1            : N/A
CRC32           : N/A
XXH64           : N/A
================================================================ drop
================================================================================
SESSION TAG:     20260822_064150
CATEGORY:        VERIFIED DAAD DDB
TIMESTAMP:       2026-08-22T06:41:52.265773
GAME ID         : art_108
TITLE           : Jabato
PLATFORM        : C64
VERSION GUESS   : DAAD DDB v1
LANGUAGE        : es
FILENAME        : jabato_ass_part2_post_mirar.ddb
FILE SIZE       : 24680 bytes
SOURCE URL      : https://archive.org/download/Jabato_1989_Aventuras_AD_es_cr_ASS/Jabato_1989_Aventuras_AD_es_cr_ASS.d64
EXTRACTED PATH  : /home/ubuntu/DAAD-harvester/preservation_corpus/derived/commodore_loader/jabato_ass_part2_post_mirar.ddb
--- HASHES ---
MD5_FULL        : N/A
MD5_5000        : N/A
SHA256          : ee3b41f61fc01c27ad776e271f313a2e3fc88875cc9c8e0debebe6904fa48e69
SHA1            : N/A
CRC32           : N/A
XXH64           : N/A
================================================================ drop
================================================================================
SESSION TAG:     20260822_064150
CATEGORY:        VERIFIED DAAD DDB
TIMESTAMP:       2026-08-22T06:41:52.363970
GAME ID         : art_118
TITLE           : Chichén Itzá
PLATFORM        : ZX
VERSION GUESS   : DAAD DDB v2
LANGUAGE        : unknown
FILENAME        : Chichen Itza - Side 1.tzx
FILE SIZE       : 48362 bytes
SOURCE URL      : https://www.worldofspectrum.org//pub/sinclair/games/c/ChichenItza.tzx.zip
EXTRACTED PATH  : /home/ubuntu/DAAD-harvester/preservation_corpus/extracted/depth1_a3f96f06_Chichen Itza - Side 1.tzx
--- HASHES ---
MD5_FULL        : N/A
MD5_5000        : N/A
SHA256          : 8b13fc9589b8570870cfe93639bec4e05f61505cee0a7b1ecc8d5c6b5186d404
SHA1            : N/A
CRC32           : N/A
XXH64           : N/A
================================================================ drop
================================================================================
SESSION TAG:     20260822_064150
CATEGORY:        VERIFIED DAAD DDB
TIMESTAMP:       2026-08-22T06:41:52.520964
GAME ID         : art_138
TITLE           : Chichén Itzá
PLATFORM        : ZX
VERSION GUESS   : DAAD DDB v2
LANGUAGE        : unknown
FILENAME        : CODE.bin
FILE SIZE       : 40960 bytes
SOURCE URL      : https://www.worldofspectrum.org//pub/sinclair/games/c/ChichenItza.tzx.zip
EXTRACTED PATH  : /home/ubuntu/DAAD-harvester/preservation_corpus/extracted/depth2_f60ae20d_CODE.bin
--- HASHES ---
MD5_FULL        : N/A
MD5_5000        : N/A
SHA256          : 1347aeeedada456d70d72205afffc002bb77fd946f317d6e25e1a7edd7eaf61d
SHA1            : N/A
CRC32           : N/A
XXH64           : N/A
================================================================ drop
================================================================================
SESSION TAG:     20260822_064150
CATEGORY:        VERIFIED DAAD DDB
TIMESTAMP:       2026-08-22T06:41:52.640792
GAME ID         : art_142
TITLE           : Chichén Itzá
PLATFORM        : ZX
VERSION GUESS   : DAAD DDB v2
LANGUAGE        : unknown
FILENAME        : CODE__embedded_002400.ddb
FILE SIZE       : 22194 bytes
SOURCE URL      : https://www.worldofspectrum.org//pub/sinclair/games/c/ChichenItza.tzx.zip
EXTRACTED PATH  : /home/ubuntu/DAAD-harvester/preservation_corpus/extracted/depth3_25a67864_CODE__embedded_002400.ddb
--- HASHES ---
MD5_FULL        : N/A
MD5_5000        : N/A
SHA256          : 7d7b26973b9c36a6dca4e804e2c4dbfccda663985f6052080ac85151bb1386ab
SHA1            : N/A
CRC32           : N/A
XXH64           : N/A
================================================================ drop
================================================================================
SESSION TAG:     20260822_064150
CATEGORY:        VERIFIED DAAD DDB
TIMESTAMP:       2026-08-22T06:41:52.768065
GAME ID         : art_153
TITLE           : Chichén Itzá
PLATFORM        : ZX
VERSION GUESS   : DAAD DDB v2
LANGUAGE        : unknown
FILENAME        : Chichen Itza - Part 1.tap
FILE SIZE       : 48166 bytes
SOURCE URL      : https://spectrumcomputing.co.uk/pub/sinclair/games/c/ChichenItza.tap.zip
EXTRACTED PATH  : /home/ubuntu/DAAD-harvester/preservation_corpus/extracted/depth1_c3c04791_Chichen Itza - Part 1.tap
--- HASHES ---
MD5_FULL        : N/A
MD5_5000        : N/A
SHA256          : 7b032a6caa265e901bd45353f2aa7f382dcc80bb6fa88c7e20cb01bfea969f2f
SHA1            : N/A
CRC32           : N/A
XXH64           : N/A
================================================================ drop
================================================================================
SESSION TAG:     20260822_064150
CATEGORY:        VERIFIED DAAD DDB
TIMESTAMP:       2026-08-22T06:41:52.867177
GAME ID         : art_157
TITLE           : Chichén Itzá
PLATFORM        : ZX
VERSION GUESS   : DAAD DDB v2
LANGUAGE        : unknown
FILENAME        : Chichen Itza - Side 2.tzx
FILE SIZE       : 48362 bytes
SOURCE URL      : https://www.worldofspectrum.org//pub/sinclair/games/c/ChichenItza.tzx.zip
EXTRACTED PATH  : /home/ubuntu/DAAD-harvester/preservation_corpus/extracted/depth1_13421478_Chichen Itza - Side 2.tzx
--- HASHES ---
MD5_FULL        : N/A
MD5_5000        : N/A
SHA256          : d063588ef9807542fd721f638dd84bf0287055fbb9766b9a4b60ba3e2ca36d93
SHA1            : N/A
CRC32           : N/A
XXH64           : N/A
================================================================ drop
================================================================================
SESSION TAG:     20260822_064150
CATEGORY:        VERIFIED DAAD DDB
TIMESTAMP:       2026-08-22T06:41:52.980582
GAME ID         : art_170
TITLE           : Chichén Itzá
PLATFORM        : ZX
VERSION GUESS   : DAAD DDB v2
LANGUAGE        : unknown
FILENAME        : CODE.bin
FILE SIZE       : 40960 bytes
SOURCE URL      : https://spectrumcomputing.co.uk/pub/sinclair/games/c/ChichenItza.tap.zip
EXTRACTED PATH  : /home/ubuntu/DAAD-harvester/preservation_corpus/extracted/depth2_f60ae20d_CODE.bin
--- HASHES ---
MD5_FULL        : N/A
MD5_5000        : N/A
SHA256          : 1347aeeedada456d70d72205afffc002bb77fd946f317d6e25e1a7edd7eaf61d
SHA1            : N/A
CRC32           : N/A
XXH64           : N/A
================================================================ drop
================================================================================
SESSION TAG:     20260822_064150
CATEGORY:        VERIFIED DAAD DDB
TIMESTAMP:       2026-08-22T06:41:53.068451
GAME ID         : art_173
TITLE           : Chichén Itzá
PLATFORM        : ZX
VERSION GUESS   : DAAD DDB v2
LANGUAGE        : unknown
FILENAME        : CODE__embedded_002400.ddb
FILE SIZE       : 22194 bytes
SOURCE URL      : https://spectrumcomputing.co.uk/pub/sinclair/games/c/ChichenItza.tap.zip
EXTRACTED PATH  : /home/ubuntu/DAAD-harvester/preservation_corpus/extracted/depth3_25a67864_CODE__embedded_002400.ddb
--- HASHES ---
MD5_FULL        : N/A
MD5_5000        : N/A
SHA256          : 7d7b26973b9c36a6dca4e804e2c4dbfccda663985f6052080ac85151bb1386ab
SHA1            : N/A
CRC32           : N/A
XXH64           : N/A
================================================================ drop
================================================================================
SESSION TAG:     20260822_064150
CATEGORY:        VERIFIED DAAD DDB
TIMESTAMP:       2026-08-22T06:41:53.182946
GAME ID         : art_176
TITLE           : Chichén Itzá
PLATFORM        : ZX
VERSION GUESS   : DAAD DDB v2
LANGUAGE        : unknown
FILENAME        : CODE.bin
FILE SIZE       : 40960 bytes
SOURCE URL      : https://www.worldofspectrum.org//pub/sinclair/games/c/ChichenItza.tzx.zip
EXTRACTED PATH  : /home/ubuntu/DAAD-harvester/preservation_corpus/extracted/depth2_05ac0a89_CODE.bin
--- HASHES ---
MD5_FULL        : N/A
MD5_5000        : N/A
SHA256          : 8106ead8245388c32d5c9ec70a86b4753afa063da78448cb50b7ed91bc0a11d4
SHA1            : N/A
CRC32           : N/A
XXH64           : N/A
================================================================ drop
================================================================================
SESSION TAG:     20260822_064150
CATEGORY:        VERIFIED DAAD DDB
TIMESTAMP:       2026-08-22T06:41:53.271249
GAME ID         : art_178
TITLE           : Chichén Itzá
PLATFORM        : ZX
VERSION GUESS   : DAAD DDB v2
LANGUAGE        : unknown
FILENAME        : CODE__embedded_002400.ddb
FILE SIZE       : 26489 bytes
SOURCE URL      : https://www.worldofspectrum.org//pub/sinclair/games/c/ChichenItza.tzx.zip
EXTRACTED PATH  : /home/ubuntu/DAAD-harvester/preservation_corpus/extracted/depth3_baf4ceb2_CODE__embedded_002400.ddb
--- HASHES ---
MD5_FULL        : N/A
MD5_5000        : N/A
SHA256          : 8002699b5958444129348bed0258833467e41cd7651ee10e61733300113ae474
SHA1            : N/A
CRC32           : N/A
XXH64           : N/A
================================================================ drop
================================================================================
SESSION TAG:     20260822_064150
CATEGORY:        VERIFIED DAAD DDB
TIMESTAMP:       2026-08-22T06:41:53.358125
GAME ID         : art_179
TITLE           : Chichén Itzá
PLATFORM        : ZX
VERSION GUESS   : DAAD DDB v2
LANGUAGE        : unknown
FILENAME        : Chichen Itza - Side 1.tzx
FILE SIZE       : 48362 bytes
SOURCE URL      : https://spectrumcomputing.co.uk/pub/sinclair/games/c/ChichenItza.tzx.zip
EXTRACTED PATH  : /home/ubuntu/DAAD-harvester/preservation_corpus/extracted/depth1_a3f96f06_Chichen Itza - Side 1.tzx
--- HASHES ---
MD5_FULL        : N/A
MD5_5000        : N/A
SHA256          : 8b13fc9589b8570870cfe93639bec4e05f61505cee0a7b1ecc8d5c6b5186d404
SHA1            : N/A
CRC32           : N/A
XXH64           : N/A
================================================================ drop
================================================================================
SESSION TAG:     20260822_064150
CATEGORY:        VERIFIED DAAD DDB
TIMESTAMP:       2026-08-22T06:41:53.447884
GAME ID         : art_183
TITLE           : Chichén Itzá
PLATFORM        : ZX
VERSION GUESS   : DAAD DDB v2
LANGUAGE        : unknown
FILENAME        : Chichen Itza - Part 2.tap
FILE SIZE       : 48166 bytes
SOURCE URL      : https://spectrumcomputing.co.uk/pub/sinclair/games/c/ChichenItza.tap.zip
EXTRACTED PATH  : /home/ubuntu/DAAD-harvester/preservation_corpus/extracted/depth1_474a3a55_Chichen Itza - Part 2.tap
--- HASHES ---
MD5_FULL        : N/A
MD5_5000        : N/A
SHA256          : d2982344263f96ade41d8590fe975ba6b6867d7af87ccddfc0417b5db11a8f73
SHA1            : N/A
CRC32           : N/A
XXH64           : N/A
================================================================ drop
================================================================================
SESSION TAG:     20260822_064150
CATEGORY:        VERIFIED DAAD DDB
TIMESTAMP:       2026-08-22T06:41:53.567585
GAME ID         : art_197
TITLE           : Chichén Itzá
PLATFORM        : ZX
VERSION GUESS   : DAAD DDB v2
LANGUAGE        : unknown
FILENAME        : CODE.bin
FILE SIZE       : 40960 bytes
SOURCE URL      : https://spectrumcomputing.co.uk/pub/sinclair/games/c/ChichenItza.tzx.zip
EXTRACTED PATH  : /home/ubuntu/DAAD-harvester/preservation_corpus/extracted/depth2_f60ae20d_CODE.bin
--- HASHES ---
MD5_FULL        : N/A
MD5_5000        : N/A
SHA256          : 1347aeeedada456d70d72205afffc002bb77fd946f317d6e25e1a7edd7eaf61d
SHA1            : N/A
CRC32           : N/A
XXH64           : N/A
================================================================ drop
================================================================================
SESSION TAG:     20260822_064150
CATEGORY:        VERIFIED DAAD DDB
TIMESTAMP:       2026-08-22T06:41:53.654961
GAME ID         : art_200
TITLE           : Chichén Itzá
PLATFORM        : ZX
VERSION GUESS   : DAAD DDB v2
LANGUAGE        : unknown
FILENAME        : CODE__embedded_002400.ddb
FILE SIZE       : 22194 bytes
SOURCE URL      : https://spectrumcomputing.co.uk/pub/sinclair/games/c/ChichenItza.tzx.zip
EXTRACTED PATH  : /home/ubuntu/DAAD-harvester/preservation_corpus/extracted/depth3_25a67864_CODE__embedded_002400.ddb
--- HASHES ---
MD5_FULL        : N/A
MD5_5000        : N/A
SHA256          : 7d7b26973b9c36a6dca4e804e2c4dbfccda663985f6052080ac85151bb1386ab
SHA1            : N/A
CRC32           : N/A
XXH64           : N/A
================================================================ drop
================================================================================
SESSION TAG:     20260822_064150
CATEGORY:        VERIFIED DAAD DDB
TIMESTAMP:       2026-08-22T06:41:53.748516
GAME ID         : art_203
TITLE           : Chichén Itzá
PLATFORM        : ZX
VERSION GUESS   : DAAD DDB v2
LANGUAGE        : unknown
FILENAME        : CODE.bin
FILE SIZE       : 40960 bytes
SOURCE URL      : https://spectrumcomputing.co.uk/pub/sinclair/games/c/ChichenItza.tap.zip
EXTRACTED PATH  : /home/ubuntu/DAAD-harvester/preservation_corpus/extracted/depth2_05ac0a89_CODE.bin
--- HASHES ---
MD5_FULL        : N/A
MD5_5000        : N/A
SHA256          : 8106ead8245388c32d5c9ec70a86b4753afa063da78448cb50b7ed91bc0a11d4
SHA1            : N/A
CRC32           : N/A
XXH64           : N/A
================================================================ drop
================================================================================
SESSION TAG:     20260822_064150
CATEGORY:        VERIFIED DAAD DDB
TIMESTAMP:       2026-08-22T06:41:53.841134
GAME ID         : art_206
TITLE           : Chichén Itzá
PLATFORM        : ZX
VERSION GUESS   : DAAD DDB v2
LANGUAGE        : unknown
FILENAME        : CODE__embedded_002400.ddb
FILE SIZE       : 26489 bytes
SOURCE URL      : https://spectrumcomputing.co.uk/pub/sinclair/games/c/ChichenItza.tap.zip
EXTRACTED PATH  : /home/ubuntu/DAAD-harvester/preservation_corpus/extracted/depth3_baf4ceb2_CODE__embedded_002400.ddb
--- HASHES ---
MD5_FULL        : N/A
MD5_5000        : N/A
SHA256          : 8002699b5958444129348bed0258833467e41cd7651ee10e61733300113ae474
SHA1            : N/A
CRC32           : N/A
XXH64           : N/A
================================================================ drop
================================================================================
SESSION TAG:     20260822_064150
CATEGORY:        VERIFIED DAAD DDB
TIMESTAMP:       2026-08-22T06:41:53.959012
GAME ID         : art_213
TITLE           : Chichén Itzá
PLATFORM        : ZX
VERSION GUESS   : DAAD DDB v2
LANGUAGE        : unknown
FILENAME        : Chichen Itza - Side 2.tzx
FILE SIZE       : 48362 bytes
SOURCE URL      : https://spectrumcomputing.co.uk/pub/sinclair/games/c/ChichenItza.tzx.zip
EXTRACTED PATH  : /home/ubuntu/DAAD-harvester/preservation_corpus/extracted/depth1_13421478_Chichen Itza - Side 2.tzx
--- HASHES ---
MD5_FULL        : N/A
MD5_5000        : N/A
SHA256          : d063588ef9807542fd721f638dd84bf0287055fbb9766b9a4b60ba3e2ca36d93
SHA1            : N/A
CRC32           : N/A
XXH64           : N/A
================================================================ drop
================================================================================
SESSION TAG:     20260822_064150
CATEGORY:        VERIFIED DAAD DDB
TIMESTAMP:       2026-08-22T06:41:54.059864
GAME ID         : art_221
TITLE           : Chichén Itzá
PLATFORM        : ZX
VERSION GUESS   : DAAD DDB v2
LANGUAGE        : unknown
FILENAME        : CODE.bin
FILE SIZE       : 40960 bytes
SOURCE URL      : https://spectrumcomputing.co.uk/pub/sinclair/games/c/ChichenItza.tzx.zip
EXTRACTED PATH  : /home/ubuntu/DAAD-harvester/preservation_corpus/extracted/depth2_05ac0a89_CODE.bin
--- HASHES ---
MD5_FULL        : N/A
MD5_5000        : N/A
SHA256          : 8106ead8245388c32d5c9ec70a86b4753afa063da78448cb50b7ed91bc0a11d4
SHA1            : N/A
CRC32           : N/A
XXH64           : N/A
================================================================ drop
================================================================================
SESSION TAG:     20260822_064150
CATEGORY:        VERIFIED DAAD DDB
TIMESTAMP:       2026-08-22T06:41:54.150198
GAME ID         : art_224
TITLE           : Chichén Itzá
PLATFORM        : ZX
VERSION GUESS   : DAAD DDB v2
LANGUAGE        : unknown
FILENAME        : CODE__embedded_002400.ddb
FILE SIZE       : 26489 bytes
SOURCE URL      : https://spectrumcomputing.co.uk/pub/sinclair/games/c/ChichenItza.tzx.zip
EXTRACTED PATH  : /home/ubuntu/DAAD-harvester/preservation_corpus/extracted/depth3_baf4ceb2_CODE__embedded_002400.ddb
--- HASHES ---
MD5_FULL        : N/A
MD5_5000        : N/A
SHA256          : 8002699b5958444129348bed0258833467e41cd7651ee10e61733300113ae474
SHA1            : N/A
CRC32           : N/A
XXH64           : N/A
================================================================ drop
================================================================================
SESSION TAG:     20260822_064150
CATEGORY:        VERIFIED DAAD DDB
TIMESTAMP:       2026-08-22T06:41:54.455005
GAME ID         : art_833
TITLE           : Official DAAD R4 preservation archive
PLATFORM        : DOS
VERSION GUESS   : DAAD DDB v2
LANGUAGE        : en
FILENAME        : DAAD/DAAD/SCE/BLANK.DDB
FILE SIZE       : 2652 bytes
SOURCE URL      : https://github.com/daad-adventure-writer/daad/releases/download/r4.0/DAAD_R4.zip
EXTRACTED PATH  : /home/ubuntu/DAAD-harvester/preservation_corpus/extracted/depth1_98397784_BLANK.DDB
--- HASHES ---
MD5_FULL        : N/A
MD5_5000        : N/A
SHA256          : 8f45acdfe4813996cb3895dd66d2d9e6f0685acfc94c1ec35ed3eeb626cdad84
SHA1            : N/A
CRC32           : N/A
XXH64           : N/A
================================================================ drop
================================================================================
SESSION TAG:     20260822_064150
CATEGORY:        VERIFIED DAAD DDB
TIMESTAMP:       2026-08-22T06:41:54.551663
GAME ID         : art_837
TITLE           : Official DAAD R4 preservation archive
PLATFORM        : DOS
VERSION GUESS   : DAAD DDB v2
LANGUAGE        : en
FILENAME        : DAAD/DAAD/SCE/SPANISH.DDB
FILE SIZE       : 2326 bytes
SOURCE URL      : https://github.com/daad-adventure-writer/daad/releases/download/r4.0/DAAD_R4.zip
EXTRACTED PATH  : /home/ubuntu/DAAD-harvester/preservation_corpus/extracted/depth1_f14c8b04_SPANISH.DDB
--- HASHES ---
MD5_FULL        : N/A
MD5_5000        : N/A
SHA256          : a147f2ad2f691930e886a0c1df1d8aa1de6683a20c369fb834244e917dbc8de1
SHA1            : N/A
CRC32           : N/A
XXH64           : N/A
================================================================ drop
================================================================================
SESSION TAG:     20260822_064150
CATEGORY:        VERIFIED DAAD DDB
TIMESTAMP:       2026-08-22T06:41:55.492594
GAME ID         : art_993
TITLE           : Official DAAD R4 preservation archive
PLATFORM        : AMIGA
VERSION GUESS   : DAAD DDB v2
LANGUAGE        : en
FILENAME        : PART1.DDB
FILE SIZE       : 2872 bytes
SOURCE URL      : https://github.com/daad-adventure-writer/daad/releases/download/r4.0/DAAD_R4.zip
EXTRACTED PATH  : /home/ubuntu/DAAD-harvester/preservation_corpus/extracted/depth2_92aef478_PART1.DDB
--- HASHES ---
MD5_FULL        : N/A
MD5_5000        : N/A
SHA256          : 13389079e2a3e06e7546e082e5e3d1e5d7658333efcac20a0992a2dc9396e133
SHA1            : N/A
CRC32           : N/A
XXH64           : N/A
================================================================ drop
================================================================================
SESSION TAG:     20260822_064150
CATEGORY:        VERIFIED DAAD DDB
TIMESTAMP:       2026-08-22T06:41:55.879986
GAME ID         : art_1223
TITLE           : Torreoscura
PLATFORM        : MSX
VERSION GUESS   : DAAD DDB v2
LANGUAGE        : unknown
FILENAME        : to1eng.cas
FILE SIZE       : 44625 bytes
SOURCE URL      : https://zonafi.es/torreoscura/to_msx_eng.zip
EXTRACTED PATH  : /home/ubuntu/DAAD-harvester/preservation_corpus/extracted/depth1_2f5264fa_to1eng.cas
--- HASHES ---
MD5_FULL        : N/A
MD5_5000        : N/A
SHA256          : 82a7b896e3baa7d6d66b0ea8eb085f8bebddfc0033446cceed7d7b7fcdc93383
SHA1            : N/A
CRC32           : N/A
XXH64           : N/A
================================================================ drop
================================================================================
SESSION TAG:     20260822_064150
CATEGORY:        VERIFIED DAAD DDB
TIMESTAMP:       2026-08-22T06:41:55.969956
GAME ID         : art_1228
TITLE           : Torreoscura
PLATFORM        : ZX
VERSION GUESS   : DAAD DDB v2
LANGUAGE        : unknown
FILENAME        : to1eng.tap
FILE SIZE       : 48046 bytes
SOURCE URL      : https://zonafi.es/torreoscura/to_zx_eng.zip
EXTRACTED PATH  : /home/ubuntu/DAAD-harvester/preservation_corpus/extracted/depth1_05955bb1_to1eng.tap
--- HASHES ---
MD5_FULL        : N/A
MD5_5000        : N/A
SHA256          : 0abde8a00a2ba56a9366a3fbf0851a5f83ae9a0cd9f104c9f80d72d9079c3830
SHA1            : N/A
CRC32           : N/A
XXH64           : N/A
================================================================ drop
================================================================================
SESSION TAG:     20260822_064150
CATEGORY:        VERIFIED DAAD DDB
TIMESTAMP:       2026-08-22T06:41:56.067089
GAME ID         : art_1236
TITLE           : Torreoscura
PLATFORM        : MSX
VERSION GUESS   : DAAD DDB v2
LANGUAGE        : unknown
FILENAME        : ___.casbin
FILE SIZE       : 17016 bytes
SOURCE URL      : https://zonafi.es/torreoscura/to_msx_eng.zip
EXTRACTED PATH  : /home/ubuntu/DAAD-harvester/preservation_corpus/extracted/depth2_87c0b96d____.casbin
--- HASHES ---
MD5_FULL        : N/A
MD5_5000        : N/A
SHA256          : 07bb8c3f2a1b8b374caac96a530d857ad9c00488ee4d399b41191b7a6a551272
SHA1            : N/A
CRC32           : N/A
XXH64           : N/A
================================================================ drop
================================================================================
SESSION TAG:     20260822_064150
CATEGORY:        VERIFIED DAAD DDB
TIMESTAMP:       2026-08-22T06:41:56.153564
GAME ID         : art_1238
TITLE           : Torreoscura
PLATFORM        : MSX
VERSION GUESS   : DAAD DDB v2
LANGUAGE        : unknown
FILENAME        : _____embedded_000001.ddb
FILE SIZE       : 17013 bytes
SOURCE URL      : https://zonafi.es/torreoscura/to_msx_eng.zip
EXTRACTED PATH  : /home/ubuntu/DAAD-harvester/preservation_corpus/extracted/depth3_c13db94f______embedded_000001.ddb
--- HASHES ---
MD5_FULL        : N/A
MD5_5000        : N/A
SHA256          : e2d2810c2d157d61ad3640cebc3da05ba2fcc5e221e4fc8e5838e3427f4bab4c
SHA1            : N/A
CRC32           : N/A
XXH64           : N/A
================================================================ drop
================================================================================
SESSION TAG:     20260822_064150
CATEGORY:        VERIFIED DAAD DDB
TIMESTAMP:       2026-08-22T06:41:56.241251
GAME ID         : art_1239
TITLE           : Torreoscura
PLATFORM        : ZX
VERSION GUESS   : DAAD DDB v2
LANGUAGE        : unknown
FILENAME        : to1bin.bin
FILE SIZE       : 40964 bytes
SOURCE URL      : https://zonafi.es/torreoscura/to_zx_eng.zip
EXTRACTED PATH  : /home/ubuntu/DAAD-harvester/preservation_corpus/extracted/depth2_29f3012b_to1bin.bin
--- HASHES ---
MD5_FULL        : N/A
MD5_5000        : N/A
SHA256          : 7dc2ab3cbee9462aaf3fd4804c3fc82006a33dac9411d95b666fece00cb51771
SHA1            : N/A
CRC32           : N/A
XXH64           : N/A
================================================================ drop
================================================================================
SESSION TAG:     20260822_064150
CATEGORY:        VERIFIED DAAD DDB
TIMESTAMP:       2026-08-22T06:41:56.328283
GAME ID         : art_1240
TITLE           : Torreoscura
PLATFORM        : DOS
VERSION GUESS   : DAAD DDB v2
LANGUAGE        : unknown
FILENAME        : PART1.DDB
FILE SIZE       : 17024 bytes
SOURCE URL      : https://zonafi.es/torreoscura/to_cga_eng.zip
EXTRACTED PATH  : /home/ubuntu/DAAD-harvester/preservation_corpus/extracted/depth1_6fbd80c2_PART1.DDB
--- HASHES ---
MD5_FULL        : N/A
MD5_5000        : N/A
SHA256          : 6ab26287ae521bb3637bab26cc4af02756a207896852a537576a82fcc8aff63f
SHA1            : N/A
CRC32           : N/A
XXH64           : N/A
================================================================ drop
================================================================================
SESSION TAG:     20260822_064150
CATEGORY:        VERIFIED DAAD DDB
TIMESTAMP:       2026-08-22T06:41:56.418240
GAME ID         : art_1241
TITLE           : Torreoscura
PLATFORM        : ZX
VERSION GUESS   : DAAD DDB v2
LANGUAGE        : unknown
FILENAME        : to1bin__embedded_002404.ddb
FILE SIZE       : 17298 bytes
SOURCE URL      : https://zonafi.es/torreoscura/to_zx_eng.zip
EXTRACTED PATH  : /home/ubuntu/DAAD-harvester/preservation_corpus/extracted/depth3_86ba268a_to1bin__embedded_002404.ddb
--- HASHES ---
MD5_FULL        : N/A
MD5_5000        : N/A
SHA256          : 501af51dbc2bcfa82fe4994613acf0c0a1a0b93107f7d61b07319cd66f950755
SHA1            : N/A
CRC32           : N/A
XXH64           : N/A
================================================================ drop
================================================================================
SESSION TAG:     20260822_064150
CATEGORY:        VERIFIED DAAD DDB
TIMESTAMP:       2026-08-22T06:41:56.518180
GAME ID         : art_1246
TITLE           : Torreoscura
PLATFORM        : MSX
VERSION GUESS   : DAAD DDB v2
LANGUAGE        : unknown
FILENAME        : to2eng.cas
FILE SIZE       : 38226 bytes
SOURCE URL      : https://zonafi.es/torreoscura/to_msx_eng.zip
EXTRACTED PATH  : /home/ubuntu/DAAD-harvester/preservation_corpus/extracted/depth1_dff91b78_to2eng.cas
--- HASHES ---
MD5_FULL        : N/A
MD5_5000        : N/A
SHA256          : bb10961a641dec4cc8797f88609b35f51fc6991653b638e426600586d5ba3bec
SHA1            : N/A
CRC32           : N/A
XXH64           : N/A
================================================================ drop
================================================================================
SESSION TAG:     20260822_064150
CATEGORY:        VERIFIED DAAD DDB
TIMESTAMP:       2026-08-22T06:41:56.606357
GAME ID         : art_1247
TITLE           : Torreoscura
PLATFORM        : DOS
VERSION GUESS   : DAAD DDB v2
LANGUAGE        : unknown
FILENAME        : PART2.DDB
FILE SIZE       : 14834 bytes
SOURCE URL      : https://zonafi.es/torreoscura/to_cga_eng.zip
EXTRACTED PATH  : /home/ubuntu/DAAD-harvester/preservation_corpus/extracted/depth1_70b606f8_PART2.DDB
--- HASHES ---
MD5_FULL        : N/A
MD5_5000        : N/A
SHA256          : c4d99f56cee976486b71400383279dc56f32df65658d60bfaefd01f79fca29da
SHA1            : N/A
CRC32           : N/A
XXH64           : N/A
================================================================ drop
================================================================================
SESSION TAG:     20260822_064150
CATEGORY:        VERIFIED DAAD DDB
TIMESTAMP:       2026-08-22T06:41:56.694288
GAME ID         : art_1248
TITLE           : Torreoscura
PLATFORM        : ZX
VERSION GUESS   : DAAD DDB v2
LANGUAGE        : unknown
FILENAME        : to2eng.tap
FILE SIZE       : 48046 bytes
SOURCE URL      : https://zonafi.es/torreoscura/to_zx_eng.zip
EXTRACTED PATH  : /home/ubuntu/DAAD-harvester/preservation_corpus/extracted/depth1_665b4c7c_to2eng.tap
--- HASHES ---
MD5_FULL        : N/A
MD5_5000        : N/A
SHA256          : 2e43340bc1d554efb8a48b8354c6b43749de7a1dcdec9ba9a1a5e98616a86362
SHA1            : N/A
CRC32           : N/A
XXH64           : N/A
================================================================ drop
================================================================================
SESSION TAG:     20260822_064150
CATEGORY:        VERIFIED DAAD DDB
TIMESTAMP:       2026-08-22T06:41:56.802188
GAME ID         : art_1253
TITLE           : Torreoscura
PLATFORM        : ZX
VERSION GUESS   : DAAD DDB v2
LANGUAGE        : unknown
FILENAME        : to2bin.bin
FILE SIZE       : 40964 bytes
SOURCE URL      : https://zonafi.es/torreoscura/to_zx_eng.zip
EXTRACTED PATH  : /home/ubuntu/DAAD-harvester/preservation_corpus/extracted/depth2_1a54cf72_to2bin.bin
--- HASHES ---
MD5_FULL        : N/A
MD5_5000        : N/A
SHA256          : 0428e61d619dad8fb63353155a1dd78c1c51747d49823b460341dd68a5f790e2
SHA1            : N/A
CRC32           : N/A
XXH64           : N/A
================================================================ drop
================================================================================
SESSION TAG:     20260822_064150
CATEGORY:        VERIFIED DAAD DDB
TIMESTAMP:       2026-08-22T06:41:56.891764
GAME ID         : art_1254
TITLE           : Torreoscura
PLATFORM        : MSX
VERSION GUESS   : DAAD DDB v2
LANGUAGE        : unknown
FILENAME        : ___.casbin
FILE SIZE       : 14836 bytes
SOURCE URL      : https://zonafi.es/torreoscura/to_msx_eng.zip
EXTRACTED PATH  : /home/ubuntu/DAAD-harvester/preservation_corpus/extracted/depth2_c2b10218____.casbin
--- HASHES ---
MD5_FULL        : N/A
MD5_5000        : N/A
SHA256          : 95e8e25b98ea3ffc1b94e425494dff0e4d1117cd16efb66c76f3a4d6ef89c0e6
SHA1            : N/A
CRC32           : N/A
XXH64           : N/A
================================================================ drop
================================================================================
SESSION TAG:     20260822_064150
CATEGORY:        VERIFIED DAAD DDB
TIMESTAMP:       2026-08-22T06:41:56.978556
GAME ID         : art_1255
TITLE           : Torreoscura
PLATFORM        : ZX
VERSION GUESS   : DAAD DDB v2
LANGUAGE        : unknown
FILENAME        : to2bin__embedded_002404.ddb
FILE SIZE       : 15119 bytes
SOURCE URL      : https://zonafi.es/torreoscura/to_zx_eng.zip
EXTRACTED PATH  : /home/ubuntu/DAAD-harvester/preservation_corpus/extracted/depth3_babed851_to2bin__embedded_002404.ddb
--- HASHES ---
MD5_FULL        : N/A
MD5_5000        : N/A
SHA256          : 28dee70412db6b9a82571edb891c4fc5da40b874e385a150d921516fce2375eb
SHA1            : N/A
CRC32           : N/A
XXH64           : N/A
================================================================ drop
================================================================================
SESSION TAG:     20260822_064150
CATEGORY:        VERIFIED DAAD DDB
TIMESTAMP:       2026-08-22T06:41:57.067244
GAME ID         : art_1256
TITLE           : Torreoscura
PLATFORM        : MSX
VERSION GUESS   : DAAD DDB v2
LANGUAGE        : unknown
FILENAME        : _____embedded_000001.ddb
FILE SIZE       : 14833 bytes
SOURCE URL      : https://zonafi.es/torreoscura/to_msx_eng.zip
EXTRACTED PATH  : /home/ubuntu/DAAD-harvester/preservation_corpus/extracted/depth3_b12207fb______embedded_000001.ddb
--- HASHES ---
MD5_FULL        : N/A
MD5_5000        : N/A
SHA256          : 83e199775139fc10fb058894e1062d51aae1b18bdfcbacc503f5e61e8ebe1974
SHA1            : N/A
CRC32           : N/A
XXH64           : N/A
================================================================ drop
================================================================================
SESSION TAG:     20260822_064150
CATEGORY:        VERIFIED DAAD DDB
TIMESTAMP:       2026-08-22T06:41:57.375558
GAME ID         : art_1311
TITLE           : Torreoscura
PLATFORM        : PCW
VERSION GUESS   : DAAD DDB v2
LANGUAGE        : unknown
FILENAME        : PARTE001.DDB
FILE SIZE       : 17024 bytes
SOURCE URL      : https://zonafi.es/torreoscura/to_pcw_eng.zip
EXTRACTED PATH  : /home/ubuntu/DAAD-harvester/preservation_corpus/extracted/depth2_227b2058_PARTE001.DDB
--- HASHES ---
MD5_FULL        : N/A
MD5_5000        : N/A
SHA256          : f5b1e9bc69727a50d29a25c73835aa1a8f41c29f02a661457e1de2c49e6f2228
SHA1            : N/A
CRC32           : N/A
XXH64           : N/A
================================================================ drop
================================================================================
SESSION TAG:     20260822_064150
CATEGORY:        VERIFIED DAAD DDB
TIMESTAMP:       2026-08-22T06:41:57.531347
GAME ID         : art_1316
TITLE           : Torreoscura
PLATFORM        : PCW
VERSION GUESS   : DAAD DDB v2
LANGUAGE        : unknown
FILENAME        : PARTE002.DDB
FILE SIZE       : 14848 bytes
SOURCE URL      : https://zonafi.es/torreoscura/to_pcw_eng.zip
EXTRACTED PATH  : /home/ubuntu/DAAD-harvester/preservation_corpus/extracted/depth2_944d5357_PARTE002.DDB
--- HASHES ---
MD5_FULL        : N/A
MD5_5000        : N/A
SHA256          : 2774307fb942b86430b60a0fbe5e497973da1dfee1c7bdb7a8e910476ea5037c
SHA1            : N/A
CRC32           : N/A
XXH64           : N/A
================================================================ drop
================================================================================
SESSION TAG:     20260822_064150
CATEGORY:        VERIFIED DAAD DDB
TIMESTAMP:       2026-08-22T06:41:57.733559
GAME ID         : art_1391
TITLE           : El Cetro del Sol
PLATFORM        : ZX
VERSION GUESS   : DAAD DDB v2
LANGUAGE        : Unknown
FILENAME        : Cetro del Sol ZX 01.tzx
FILE SIZE       : 48066 bytes
SOURCE URL      : https://spectrumcomputing.co.uk/zxdb/sinclair/entries/0030241/ElCetroDelSol_Part1.tzx.zip
EXTRACTED PATH  : /home/ubuntu/DAAD-harvester/preservation_corpus/extracted/depth1_f41e5698_Cetro del Sol ZX 01.tzx
--- HASHES ---
MD5_FULL        : N/A
MD5_5000        : N/A
SHA256          : 58baf54f8183b90f31de1a0f2fc2e9024f7d31c5143535ab0e7f97f1c9df7188
SHA1            : N/A
CRC32           : N/A
XXH64           : N/A
================================================================ drop
================================================================================
SESSION TAG:     20260822_064150
CATEGORY:        VERIFIED DAAD DDB
TIMESTAMP:       2026-08-22T06:41:57.825425
GAME ID         : art_1394
TITLE           : El Cetro del Sol
PLATFORM        : ZX
VERSION GUESS   : DAAD DDB v2
LANGUAGE        : Unknown
FILENAME        : BIN.bin
FILE SIZE       : 40960 bytes
SOURCE URL      : https://spectrumcomputing.co.uk/zxdb/sinclair/entries/0030241/ElCetroDelSol_Part1.tzx.zip
EXTRACTED PATH  : /home/ubuntu/DAAD-harvester/preservation_corpus/extracted/depth2_49e71773_BIN.bin
--- HASHES ---
MD5_FULL        : N/A
MD5_5000        : N/A
SHA256          : 31b19b42107968d38e9d7e9b18f9a4b974dc9821054dd3974e24ce84a8c69cd1
SHA1            : N/A
CRC32           : N/A
XXH64           : N/A
================================================================ drop
================================================================================
SESSION TAG:     20260822_064150
CATEGORY:        VERIFIED DAAD DDB
TIMESTAMP:       2026-08-22T06:41:57.916488
GAME ID         : art_1395
TITLE           : El Cetro del Sol
PLATFORM        : ZX
VERSION GUESS   : DAAD DDB v2
LANGUAGE        : Unknown
FILENAME        : BIN__embedded_002400.ddb
FILE SIZE       : 22550 bytes
SOURCE URL      : https://spectrumcomputing.co.uk/zxdb/sinclair/entries/0030241/ElCetroDelSol_Part1.tzx.zip
EXTRACTED PATH  : /home/ubuntu/DAAD-harvester/preservation_corpus/extracted/depth3_d3f4ef0f_BIN__embedded_002400.ddb
--- HASHES ---
MD5_FULL        : N/A
MD5_5000        : N/A
SHA256          : eb7f4243f3b01dc310480e7200235ca7ca989cb407208a9d0f49867ba23da02a
SHA1            : N/A
CRC32           : N/A
XXH64           : N/A
================================================================ drop
================================================================================
SESSION TAG:     20260822_064150
CATEGORY:        VERIFIED DAAD DDB
TIMESTAMP:       2026-08-22T06:41:58.006573
GAME ID         : art_1397
TITLE           : ELF, La Aventura - Parte 1
PLATFORM        : ZX
VERSION GUESS   : DAAD DDB v2
LANGUAGE        : Unknown
FILENAME        : ELFLaAventura-Parte1.tap
FILE SIZE       : 26671 bytes
SOURCE URL      : https://spectrumcomputing.co.uk/zxdb/sinclair/entries/0030277/ELFLaAventura-Parte1.tap.zip
EXTRACTED PATH  : /home/ubuntu/DAAD-harvester/preservation_corpus/extracted/depth1_05001979_ELFLaAventura-Parte1.tap
--- HASHES ---
MD5_FULL        : N/A
MD5_5000        : N/A
SHA256          : f81ba3846131acc0f2723f8af56d9c122783a5e3f6ef478511b3728da7fcc092
SHA1            : N/A
CRC32           : N/A
XXH64           : N/A
================================================================ drop
================================================================================
SESSION TAG:     20260822_064150
CATEGORY:        VERIFIED DAAD DDB
TIMESTAMP:       2026-08-22T06:41:58.094921
GAME ID         : art_1400
TITLE           : ELF, La Aventura - Parte 1
PLATFORM        : ZX
VERSION GUESS   : DAAD DDB v2
LANGUAGE        : Unknown
FILENAME        : elfspe.ddb.bin
FILE SIZE       : 15160 bytes
SOURCE URL      : https://spectrumcomputing.co.uk/zxdb/sinclair/entries/0030277/ELFLaAventura-Parte1.tap.zip
EXTRACTED PATH  : /home/ubuntu/DAAD-harvester/preservation_corpus/extracted/depth2_dc6271c6_elfspe.ddb.bin
--- HASHES ---
MD5_FULL        : N/A
MD5_5000        : N/A
SHA256          : 6fae1f7a6f8cc49a4b4deb2a60bcf120fd67d01e95ec0586c83f1287dfa3cce4
SHA1            : N/A
CRC32           : N/A
XXH64           : N/A
================================================================ drop
================================================================================
SESSION TAG:     20260822_064150
CATEGORY:        VERIFIED DAAD DDB
TIMESTAMP:       2026-08-22T06:41:58.218968
GAME ID         : art_1407
TITLE           : Excalibur: Sword of Kings Remake
PLATFORM        : ZX
VERSION GUESS   : DAAD DDB v2
LANGUAGE        : Unknown
FILENAME        : PART1.DDB
FILE SIZE       : 9216 bytes
SOURCE URL      : https://spectrumcomputing.co.uk/zxdb/sinclair/entries/0037245/Excalibur-SwordOfKingsRemake.dsk.zip
EXTRACTED PATH  : /home/ubuntu/DAAD-harvester/preservation_corpus/extracted/depth2_f19ee30e_PART1.DDB
--- HASHES ---
MD5_FULL        : N/A
MD5_5000        : N/A
SHA256          : 1e7eae76c45bace6b93daad4ec6ab6a0323668383c22e64cc5509756b22f2187
SHA1            : N/A
CRC32           : N/A
XXH64           : N/A
================================================================ drop
================================================================================
SESSION TAG:     20260822_064150
CATEGORY:        VERIFIED DAAD DDB
TIMESTAMP:       2026-08-22T06:41:58.324610
GAME ID         : art_1408
TITLE           : Excalibur: Sword of Kings Remake
PLATFORM        : ZX
VERSION GUESS   : DAAD DDB v2
LANGUAGE        : Unknown
FILENAME        : PART1__embedded_000080.ddb
FILE SIZE       : 9061 bytes
SOURCE URL      : https://spectrumcomputing.co.uk/zxdb/sinclair/entries/0037245/Excalibur-SwordOfKingsRemake.dsk.zip
EXTRACTED PATH  : /home/ubuntu/DAAD-harvester/preservation_corpus/extracted/depth3_ef7dc509_PART1__embedded_000080.ddb
--- HASHES ---
MD5_FULL        : N/A
MD5_5000        : N/A
SHA256          : 5e5f02ea5654fbb17c1eff0f235f9f63b527a98a19cc0632671aea1716ce3899
SHA1            : N/A
CRC32           : N/A
XXH64           : N/A
================================================================ drop
================================================================================
SESSION TAG:     20260822_064150
CATEGORY:        VERIFIED DAAD DDB
TIMESTAMP:       2026-08-22T06:41:58.458320
GAME ID         : art_1452
TITLE           : Karhum
PLATFORM        : ZX
VERSION GUESS   : DAAD DDB v2
LANGUAGE        : Unknown
FILENAME        : KARHUM1_ZX.tap
FILE SIZE       : 46888 bytes
SOURCE URL      : https://spectrumcomputing.co.uk/zxdb/sinclair/entries/0034683/Karhum(Part1).tap.zip
EXTRACTED PATH  : /home/ubuntu/DAAD-harvester/preservation_corpus/extracted/depth1_9307e382_KARHUM1_ZX.tap
--- HASHES ---
MD5_FULL        : N/A
MD5_5000        : N/A
SHA256          : 3a05db0bc0b34776f713bd8cc8e615b213df295d0786036efe85d2fd6ea7384c
SHA1            : N/A
CRC32           : N/A
XXH64           : N/A
================================================================ drop
================================================================================
SESSION TAG:     20260822_064150
CATEGORY:        VERIFIED DAAD DDB
TIMESTAMP:       2026-08-22T06:41:58.549631
GAME ID         : art_1456
TITLE           : Karhum
PLATFORM        : ZX
VERSION GUESS   : DAAD DDB v2
LANGUAGE        : Unknown
FILENAME        : KARHUM1.DD.bin
FILE SIZE       : 20564 bytes
SOURCE URL      : https://spectrumcomputing.co.uk/zxdb/sinclair/entries/0034683/Karhum(Part1).tap.zip
EXTRACTED PATH  : /home/ubuntu/DAAD-harvester/preservation_corpus/extracted/depth2_4222cc48_KARHUM1.DD.bin
--- HASHES ---
MD5_FULL        : N/A
MD5_5000        : N/A
SHA256          : 6f4ff887a07d28e9b5b4e874d65c6dc072e0eacc9a9070b9cc5ec88be6d960e2
SHA1            : N/A
CRC32           : N/A
XXH64           : N/A
================================================================ drop
================================================================================
SESSION TAG:     20260822_064150
CATEGORY:        VERIFIED DAAD DDB
TIMESTAMP:       2026-08-22T06:41:58.645922
GAME ID         : art_1459
TITLE           : La Aventura Espacial
PLATFORM        : ZX
VERSION GUESS   : DAAD DDB v2
LANGUAGE        : Unknown
FILENAME        : La Aventura Espacial - Side 1 (Serie Leyenda).tzx
FILE SIZE       : 49355 bytes
SOURCE URL      : https://spectrumcomputing.co.uk/pub/sinclair/games/a/AventuraEspacialLa(IBSA).tzx.zip
EXTRACTED PATH  : /home/ubuntu/DAAD-harvester/preservation_corpus/extracted/depth1_38b5771d_La Aventura Espacial - Side 1 (Serie Leyenda).tzx
--- HASHES ---
MD5_FULL        : N/A
MD5_5000        : N/A
SHA256          : 2762a300bf5ac0f260bdb78bf6238ef8c82a41f6307bd6cee1d702859546a38c
SHA1            : N/A
CRC32           : N/A
XXH64           : N/A
================================================================ drop
================================================================================
SESSION TAG:     20260822_064150
CATEGORY:        VERIFIED DAAD DDB
TIMESTAMP:       2026-08-22T06:41:58.737587
GAME ID         : art_1463
TITLE           : La Aventura Espacial
PLATFORM        : ZX
VERSION GUESS   : DAAD DDB v2
LANGUAGE        : Unknown
FILENAME        : tzx_5.bin
FILE SIZE       : 40962 bytes
SOURCE URL      : https://spectrumcomputing.co.uk/pub/sinclair/games/a/AventuraEspacialLa(IBSA).tzx.zip
EXTRACTED PATH  : /home/ubuntu/DAAD-harvester/preservation_corpus/extracted/depth2_99129d9c_tzx_5.bin
--- HASHES ---
MD5_FULL        : N/A
MD5_5000        : N/A
SHA256          : cb67fe6ca82dd510944ff0f19239fa9108f0e1c08a551e4ab3c5d0649b3e8a38
SHA1            : N/A
CRC32           : N/A
XXH64           : N/A
================================================================ drop
================================================================================
SESSION TAG:     20260822_064150
CATEGORY:        VERIFIED DAAD DDB
TIMESTAMP:       2026-08-22T06:41:58.825486
GAME ID         : art_1464
TITLE           : La Aventura Espacial
PLATFORM        : ZX
VERSION GUESS   : DAAD DDB v2
LANGUAGE        : Unknown
FILENAME        : tzx_5__embedded_002401.ddb
FILE SIZE       : 20044 bytes
SOURCE URL      : https://spectrumcomputing.co.uk/pub/sinclair/games/a/AventuraEspacialLa(IBSA).tzx.zip
EXTRACTED PATH  : /home/ubuntu/DAAD-harvester/preservation_corpus/extracted/depth3_b15f6ba3_tzx_5__embedded_002401.ddb
--- HASHES ---
MD5_FULL        : N/A
MD5_5000        : N/A
SHA256          : 75a1897afe0b02d24d8ba70e95776b24486fd05bb519d10b935869e2292ded15
SHA1            : N/A
CRC32           : N/A
XXH64           : N/A
================================================================ drop
================================================================================
SESSION TAG:     20260822_064150
CATEGORY:        VERIFIED DAAD DDB
TIMESTAMP:       2026-08-22T06:41:58.916400
GAME ID         : art_1465
TITLE           : La Aventura Espacial
PLATFORM        : ZX
VERSION GUESS   : DAAD DDB v2
LANGUAGE        : Unknown
FILENAME        : La Aventura Espacial - Side 2 (Serie Leyenda).tzx
FILE SIZE       : 49355 bytes
SOURCE URL      : https://spectrumcomputing.co.uk/pub/sinclair/games/a/AventuraEspacialLa(IBSA).tzx.zip
EXTRACTED PATH  : /home/ubuntu/DAAD-harvester/preservation_corpus/extracted/depth1_5ea5282b_La Aventura Espacial - Side 2 (Serie Leyenda).tzx
--- HASHES ---
MD5_FULL        : N/A
MD5_5000        : N/A
SHA256          : 941c20e88042ce3ff063355eabb819c49ff1ab6b6c5badeea9708789997d7b26
SHA1            : N/A
CRC32           : N/A
XXH64           : N/A
================================================================ drop
================================================================================
SESSION TAG:     20260822_064150
CATEGORY:        VERIFIED DAAD DDB
TIMESTAMP:       2026-08-22T06:41:59.010476
GAME ID         : art_1467
TITLE           : La Aventura Espacial
PLATFORM        : ZX
VERSION GUESS   : DAAD DDB v2
LANGUAGE        : Unknown
FILENAME        : tzx_5.bin
FILE SIZE       : 40962 bytes
SOURCE URL      : https://spectrumcomputing.co.uk/pub/sinclair/games/a/AventuraEspacialLa(IBSA).tzx.zip
EXTRACTED PATH  : /home/ubuntu/DAAD-harvester/preservation_corpus/extracted/depth2_a6ef14e1_tzx_5.bin
--- HASHES ---
MD5_FULL        : N/A
MD5_5000        : N/A
SHA256          : 1c993c72c1bd82b20545a03f60cf85f1068a1abedb64056c96fa1af392e0cf83
SHA1            : N/A
CRC32           : N/A
XXH64           : N/A
================================================================ drop
================================================================================
SESSION TAG:     20260822_064150
CATEGORY:        VERIFIED DAAD DDB
TIMESTAMP:       2026-08-22T06:41:59.107360
GAME ID         : art_1468
TITLE           : La Aventura Espacial
PLATFORM        : ZX
VERSION GUESS   : DAAD DDB v2
LANGUAGE        : Unknown
FILENAME        : tzx_5__embedded_002401.ddb
FILE SIZE       : 21496 bytes
SOURCE URL      : https://spectrumcomputing.co.uk/pub/sinclair/games/a/AventuraEspacialLa(IBSA).tzx.zip
EXTRACTED PATH  : /home/ubuntu/DAAD-harvester/preservation_corpus/extracted/depth3_6324f27a_tzx_5__embedded_002401.ddb
--- HASHES ---
MD5_FULL        : N/A
MD5_5000        : N/A
SHA256          : 376c55efb6bae1f17fb28c550e66fecab2934cedebdbadf7e97df9235fd04d23
SHA1            : N/A
CRC32           : N/A
XXH64           : N/A
================================================================ drop
================================================================================
SESSION TAG:     20260822_064150
CATEGORY:        VERIFIED DAAD DDB
TIMESTAMP:       2026-08-22T06:41:59.286944
GAME ID         : art_1489
TITLE           : Last Night in the Office
PLATFORM        : ZX
VERSION GUESS   : DAAD DDB v2
LANGUAGE        : Unknown
FILENAME        : DAAD.DDB
FILE SIZE       : 10240 bytes
SOURCE URL      : https://spectrumcomputing.co.uk/zxdb/sinclair/entries/0036141/LastNightInTheOffice.dsk.zip
EXTRACTED PATH  : /home/ubuntu/DAAD-harvester/preservation_corpus/extracted/depth2_88ef1630_DAAD.DDB
--- HASHES ---
MD5_FULL        : N/A
MD5_5000        : N/A
SHA256          : 19fcae26b0082f761f68b05713002074cc1aaec01239da72e59945a314e61a00
SHA1            : N/A
CRC32           : N/A
XXH64           : N/A
================================================================ drop
================================================================================
SESSION TAG:     20260822_064150
CATEGORY:        VERIFIED DAAD DDB
TIMESTAMP:       2026-08-22T06:41:59.378892
GAME ID         : art_1490
TITLE           : Last Night in the Office
PLATFORM        : ZX
VERSION GUESS   : DAAD DDB v2
LANGUAGE        : Unknown
FILENAME        : DAAD__embedded_000080.ddb
FILE SIZE       : 9939 bytes
SOURCE URL      : https://spectrumcomputing.co.uk/zxdb/sinclair/entries/0036141/LastNightInTheOffice.dsk.zip
EXTRACTED PATH  : /home/ubuntu/DAAD-harvester/preservation_corpus/extracted/depth3_7b8450e4_DAAD__embedded_000080.ddb
--- HASHES ---
MD5_FULL        : N/A
MD5_5000        : N/A
SHA256          : f290f4960d60056518321f998047785f630cc293b8b348f18173af0425bbbb53
SHA1            : N/A
CRC32           : N/A
XXH64           : N/A
================================================================ drop
================================================================================
SESSION TAG:     20260822_064150
CATEGORY:        VERIFIED DAAD DDB
TIMESTAMP:       2026-08-22T06:41:59.591576
GAME ID         : art_1569
TITLE           : Pandemia XXI
PLATFORM        : ZX
VERSION GUESS   : DAAD DDB v2
LANGUAGE        : Unknown
FILENAME        : PANZX.TAP
FILE SIZE       : 47548 bytes
SOURCE URL      : https://spectrumcomputing.co.uk/zxdb/sinclair/entries/0036074/PandemiaXXI.tap.zip
EXTRACTED PATH  : /home/ubuntu/DAAD-harvester/preservation_corpus/extracted/depth1_50fc32d2_PANZX.TAP
--- HASHES ---
MD5_FULL        : N/A
MD5_5000        : N/A
SHA256          : c90c51ab9e99fa3c4505304cee71abfaeaa0589ea0ef4335ae0ac7f285f399db
SHA1            : N/A
CRC32           : N/A
XXH64           : N/A
================================================================ drop
================================================================================
SESSION TAG:     20260822_064150
CATEGORY:        VERIFIED DAAD DDB
TIMESTAMP:       2026-08-22T06:41:59.687128
GAME ID         : art_1573
TITLE           : Pandemia XXI
PLATFORM        : ZX
VERSION GUESS   : DAAD DDB v2
LANGUAGE        : Unknown
FILENAME        : panzx.ddb.bin
FILE SIZE       : 29068 bytes
SOURCE URL      : https://spectrumcomputing.co.uk/zxdb/sinclair/entries/0036074/PandemiaXXI.tap.zip
EXTRACTED PATH  : /home/ubuntu/DAAD-harvester/preservation_corpus/extracted/depth2_bc67de48_panzx.ddb.bin
--- HASHES ---
MD5_FULL        : N/A
MD5_5000        : N/A
SHA256          : a8dc3dbdc9a3d4d312534f7d235dcf22ebd02a1a0da2f2cf41641925e051ec2b
SHA1            : N/A
CRC32           : N/A
XXH64           : N/A
================================================================ drop
================================================================================
SESSION TAG:     20260822_064150
CATEGORY:        VERIFIED DAAD DDB
TIMESTAMP:       2026-08-22T06:41:59.798751
GAME ID         : art_1586
TITLE           : The Revenge of Moriarty
PLATFORM        : ZX
VERSION GUESS   : DAAD DDB v2
LANGUAGE        : Unknown
FILENAME        : moriarty.tzx
FILE SIZE       : 41190 bytes
SOURCE URL      : https://spectrumcomputing.co.uk/zxdb/sinclair/entries/0036250/RevengeOfMoriarty(DAAD).tzx.zip
EXTRACTED PATH  : /home/ubuntu/DAAD-harvester/preservation_corpus/extracted/depth1_7b5c3de9_moriarty.tzx
--- HASHES ---
MD5_FULL        : N/A
MD5_5000        : N/A
SHA256          : ff9181c17f8841d51a8f75b269eafa52c1879fcc9d1d5e9d5a0fabb87ef47190
SHA1            : N/A
CRC32           : N/A
XXH64           : N/A
================================================================ drop
================================================================================
SESSION TAG:     20260822_064150
CATEGORY:        VERIFIED DAAD DDB
TIMESTAMP:       2026-08-22T06:41:59.891645
GAME ID         : art_1588
TITLE           : The Revenge of Moriarty
PLATFORM        : ZX
VERSION GUESS   : DAAD DDB v2
LANGUAGE        : Unknown
FILENAME        : SH.bin
FILE SIZE       : 40960 bytes
SOURCE URL      : https://spectrumcomputing.co.uk/zxdb/sinclair/entries/0036250/RevengeOfMoriarty(DAAD).tzx.zip
EXTRACTED PATH  : /home/ubuntu/DAAD-harvester/preservation_corpus/extracted/depth2_2d6b99fa_SH.bin
--- HASHES ---
MD5_FULL        : N/A
MD5_5000        : N/A
SHA256          : 44683504aab11349404ca86299d461f509f44d75151f4962db91305f13058c44
SHA1            : N/A
CRC32           : N/A
XXH64           : N/A
================================================================ drop
================================================================================
SESSION TAG:     20260822_064150
CATEGORY:        VERIFIED DAAD DDB
TIMESTAMP:       2026-08-22T06:41:59.978745
GAME ID         : art_1589
TITLE           : The Revenge of Moriarty
PLATFORM        : ZX
VERSION GUESS   : DAAD DDB v2
LANGUAGE        : Unknown
FILENAME        : SH__embedded_002400.ddb
FILE SIZE       : 18440 bytes
SOURCE URL      : https://spectrumcomputing.co.uk/zxdb/sinclair/entries/0036250/RevengeOfMoriarty(DAAD).tzx.zip
EXTRACTED PATH  : /home/ubuntu/DAAD-harvester/preservation_corpus/extracted/depth3_4f729db6_SH__embedded_002400.ddb
--- HASHES ---
MD5_FULL        : N/A
MD5_5000        : N/A
SHA256          : 50e7abd9c41e33fe415edcf09482e74e98f328e6046d6292e691b895de716d11
SHA1            : N/A
CRC32           : N/A
XXH64           : N/A
================================================================ drop
================================================================================
SESSION TAG:     20260822_064150
CATEGORY:        VERIFIED DAAD DDB
TIMESTAMP:       2026-08-22T06:42:00.069533
GAME ID         : art_1591
TITLE           : Torreoscura
PLATFORM        : ZX
VERSION GUESS   : DAAD DDB v2
LANGUAGE        : Unknown
FILENAME        : Torreoscura(Part1)(EN).tap
FILE SIZE       : 48046 bytes
SOURCE URL      : https://spectrumcomputing.co.uk/zxdb/sinclair/entries/0036067/Torreoscura(Part1)(EN).tap.zip
EXTRACTED PATH  : /home/ubuntu/DAAD-harvester/preservation_corpus/extracted/depth1_05955bb1_Torreoscura(Part1)(EN).tap
--- HASHES ---
MD5_FULL        : N/A
MD5_5000        : N/A
SHA256          : 0abde8a00a2ba56a9366a3fbf0851a5f83ae9a0cd9f104c9f80d72d9079c3830
SHA1            : N/A
CRC32           : N/A
XXH64           : N/A
================================================================ drop
================================================================================
SESSION TAG:     20260822_064150
CATEGORY:        VERIFIED DAAD DDB
TIMESTAMP:       2026-08-22T06:42:00.158797
GAME ID         : art_1594
TITLE           : Torreoscura
PLATFORM        : ZX
VERSION GUESS   : DAAD DDB v2
LANGUAGE        : Unknown
FILENAME        : to1bin.bin
FILE SIZE       : 40964 bytes
SOURCE URL      : https://spectrumcomputing.co.uk/zxdb/sinclair/entries/0036067/Torreoscura(Part1)(EN).tap.zip
EXTRACTED PATH  : /home/ubuntu/DAAD-harvester/preservation_corpus/extracted/depth2_29f3012b_to1bin.bin
--- HASHES ---
MD5_FULL        : N/A
MD5_5000        : N/A
SHA256          : 7dc2ab3cbee9462aaf3fd4804c3fc82006a33dac9411d95b666fece00cb51771
SHA1            : N/A
CRC32           : N/A
XXH64           : N/A
================================================================ drop
================================================================================
SESSION TAG:     20260822_064150
CATEGORY:        VERIFIED DAAD DDB
TIMESTAMP:       2026-08-22T06:42:00.244524
GAME ID         : art_1595
TITLE           : Torreoscura
PLATFORM        : ZX
VERSION GUESS   : DAAD DDB v2
LANGUAGE        : Unknown
FILENAME        : to1bin__embedded_002404.ddb
FILE SIZE       : 17298 bytes
SOURCE URL      : https://spectrumcomputing.co.uk/zxdb/sinclair/entries/0036067/Torreoscura(Part1)(EN).tap.zip
EXTRACTED PATH  : /home/ubuntu/DAAD-harvester/preservation_corpus/extracted/depth3_86ba268a_to1bin__embedded_002404.ddb
--- HASHES ---
MD5_FULL        : N/A
MD5_5000        : N/A
SHA256          : 501af51dbc2bcfa82fe4994613acf0c0a1a0b93107f7d61b07319cd66f950755
SHA1            : N/A
CRC32           : N/A
XXH64           : N/A
================================================================ drop
================================================================================
SESSION TAG:     20260822_064150
CATEGORY:        VERIFIED DAAD DDB
TIMESTAMP:       2026-08-22T06:42:00.334571
GAME ID         : art_1597
TITLE           : ZHL
PLATFORM        : ZX
VERSION GUESS   : DAAD DDB v2
LANGUAGE        : Unknown
FILENAME        : ZHL_Release3.TAP
FILE SIZE       : 38285 bytes
SOURCE URL      : https://spectrumcomputing.co.uk/zxdb/sinclair/entries/0035221/ZHL_Release3.tap.zip
EXTRACTED PATH  : /home/ubuntu/DAAD-harvester/preservation_corpus/extracted/depth1_1d06c159_ZHL_Release3.TAP
--- HASHES ---
MD5_FULL        : N/A
MD5_5000        : N/A
SHA256          : 88011b2a3a3d93029a73c8cc3163f431aa6735051d06be8228d5ce73558cc949
SHA1            : N/A
CRC32           : N/A
XXH64           : N/A
================================================================ drop
================================================================================
SESSION TAG:     20260822_064150
CATEGORY:        VERIFIED DAAD DDB
TIMESTAMP:       2026-08-22T06:42:00.424109
GAME ID         : art_1601
TITLE           : ZHL
PLATFORM        : ZX
VERSION GUESS   : DAAD DDB v2
LANGUAGE        : Unknown
FILENAME        : zeur\zx\pa.bin
FILE SIZE       : 19801 bytes
SOURCE URL      : https://spectrumcomputing.co.uk/zxdb/sinclair/entries/0035221/ZHL_Release3.tap.zip
EXTRACTED PATH  : /home/ubuntu/DAAD-harvester/preservation_corpus/extracted/depth2_bae7f9b7_pa.bin
--- HASHES ---
MD5_FULL        : N/A
MD5_5000        : N/A
SHA256          : 6bbd32697e8cdb820eacf3d76e9725ea3a4d4d506664cf7567c1c4556440e881
SHA1            : N/A
CRC32           : N/A
XXH64           : N/A
================================================================ drop
