================================================================================
SESSION TAG:     20260820_192204
CATEGORY:        VERIFIED DAAD DDB
TIMESTAMP:       2026-08-20T19:22:04.855876
GAME ID         : art_68
TITLE           : Chichén Itzá
PLATFORM        : AMIGA
VERSION GUESS   : DAAD DDB v2
LANGUAGE        : unknown
FILENAME        : PART1.DDB
FILE SIZE       : 42804 bytes
SOURCE URL      : https://archive.org/download/Chichen_Itza_1991_Aventuras_AD_ES_cr_QTX/Chichen_Itza_1991_Aventuras_AD_ES_cr_QTX.adf
EXTRACTED PATH  : /home/ubuntu/DAAD-harvester/preservation_corpus/extracted/depth1_d78a30e6_PART1.DDB
--- HASHES ---
MD5_FULL        : N/A
MD5_5000        : N/A
SHA256          : efaeabc0a3dcc9a0654975632647e4b0e6caa7fcbcbb7a2de2c166e9ca9c62a7
SHA1            : N/A
CRC32           : N/A
XXH64           : N/A
================================================================ drop
================================================================================
SESSION TAG:     20260820_192204
CATEGORY:        VERIFIED DAAD DDB
TIMESTAMP:       2026-08-20T19:22:04.977489
GAME ID         : art_76
TITLE           : Chichén Itzá
PLATFORM        : AMIGA
VERSION GUESS   : DAAD DDB v2
LANGUAGE        : unknown
FILENAME        : PART2.DDB
FILE SIZE       : 43990 bytes
SOURCE URL      : https://archive.org/download/Chichen_Itza_1991_Aventuras_AD_ES_cr_QTX/Chichen_Itza_1991_Aventuras_AD_ES_cr_QTX.adf
EXTRACTED PATH  : /home/ubuntu/DAAD-harvester/preservation_corpus/extracted/depth1_806a1c74_PART2.DDB
--- HASHES ---
MD5_FULL        : N/A
MD5_5000        : N/A
SHA256          : efe5be7e82982365699cc78308d382d86262e6f2458b6ea8c09314aa49bcc414
SHA1            : N/A
CRC32           : N/A
XXH64           : N/A
================================================================ drop
================================================================================
SESSION TAG:     20260820_192204
CATEGORY:        VERIFIED DAAD DDB
TIMESTAMP:       2026-08-20T19:22:05.126267
GAME ID         : art_83
TITLE           : Chichén Itzá
PLATFORM        : ZX
VERSION GUESS   : DAAD DDB v2
LANGUAGE        : unknown
FILENAME        : Chichen Itza - Part 1.tap
FILE SIZE       : 48166 bytes
SOURCE URL      : https://www.worldofspectrum.org//pub/sinclair/games/c/ChichenItza.tap.zip
EXTRACTED PATH  : /home/ubuntu/DAAD-harvester/preservation_corpus/extracted/depth1_c3c04791_Chichen Itza - Part 1.tap
--- HASHES ---
MD5_FULL        : N/A
MD5_5000        : N/A
SHA256          : 7b032a6caa265e901bd45353f2aa7f382dcc80bb6fa88c7e20cb01bfea969f2f
SHA1            : N/A
CRC32           : N/A
XXH64           : N/A
================================================================ drop
================================================================================
SESSION TAG:     20260820_192204
CATEGORY:        VERIFIED DAAD DDB
TIMESTAMP:       2026-08-20T19:22:05.151267
GAME ID         : art_86
TITLE           : Chichén Itzá
PLATFORM        : ZX
VERSION GUESS   : DAAD DDB v2
LANGUAGE        : unknown
FILENAME        : CODE.bin
FILE SIZE       : 40960 bytes
SOURCE URL      : https://www.worldofspectrum.org//pub/sinclair/games/c/ChichenItza.tap.zip
EXTRACTED PATH  : /home/ubuntu/DAAD-harvester/preservation_corpus/extracted/depth2_f60ae20d_CODE.bin
--- HASHES ---
MD5_FULL        : N/A
MD5_5000        : N/A
SHA256          : 1347aeeedada456d70d72205afffc002bb77fd946f317d6e25e1a7edd7eaf61d
SHA1            : N/A
CRC32           : N/A
XXH64           : N/A
================================================================ drop
================================================================================
SESSION TAG:     20260820_192204
CATEGORY:        VERIFIED DAAD DDB
TIMESTAMP:       2026-08-20T19:22:05.160874
GAME ID         : art_87
TITLE           : Chichén Itzá
PLATFORM        : ZX
VERSION GUESS   : DAAD DDB v2
LANGUAGE        : unknown
FILENAME        : CODE__embedded_002400.ddb
FILE SIZE       : 22194 bytes
SOURCE URL      : https://www.worldofspectrum.org//pub/sinclair/games/c/ChichenItza.tap.zip
EXTRACTED PATH  : /home/ubuntu/DAAD-harvester/preservation_corpus/extracted/depth3_25a67864_CODE__embedded_002400.ddb
--- HASHES ---
MD5_FULL        : N/A
MD5_5000        : N/A
SHA256          : 7d7b26973b9c36a6dca4e804e2c4dbfccda663985f6052080ac85151bb1386ab
SHA1            : N/A
CRC32           : N/A
XXH64           : N/A
================================================================ drop
================================================================================
SESSION TAG:     20260820_192204
CATEGORY:        VERIFIED DAAD DDB
TIMESTAMP:       2026-08-20T19:22:05.172314
GAME ID         : art_88
TITLE           : Chichén Itzá
PLATFORM        : ZX
VERSION GUESS   : DAAD DDB v2
LANGUAGE        : unknown
FILENAME        : Chichen Itza - Part 2.tap
FILE SIZE       : 48166 bytes
SOURCE URL      : https://www.worldofspectrum.org//pub/sinclair/games/c/ChichenItza.tap.zip
EXTRACTED PATH  : /home/ubuntu/DAAD-harvester/preservation_corpus/extracted/depth1_474a3a55_Chichen Itza - Part 2.tap
--- HASHES ---
MD5_FULL        : N/A
MD5_5000        : N/A
SHA256          : d2982344263f96ade41d8590fe975ba6b6867d7af87ccddfc0417b5db11a8f73
SHA1            : N/A
CRC32           : N/A
XXH64           : N/A
================================================================ drop
================================================================================
SESSION TAG:     20260820_192204
CATEGORY:        VERIFIED DAAD DDB
TIMESTAMP:       2026-08-20T19:22:05.192734
GAME ID         : art_90
TITLE           : Chichén Itzá
PLATFORM        : ZX
VERSION GUESS   : DAAD DDB v2
LANGUAGE        : unknown
FILENAME        : CODE.bin
FILE SIZE       : 40960 bytes
SOURCE URL      : https://www.worldofspectrum.org//pub/sinclair/games/c/ChichenItza.tap.zip
EXTRACTED PATH  : /home/ubuntu/DAAD-harvester/preservation_corpus/extracted/depth2_05ac0a89_CODE.bin
--- HASHES ---
MD5_FULL        : N/A
MD5_5000        : N/A
SHA256          : 8106ead8245388c32d5c9ec70a86b4753afa063da78448cb50b7ed91bc0a11d4
SHA1            : N/A
CRC32           : N/A
XXH64           : N/A
================================================================ drop
================================================================================
SESSION TAG:     20260820_192204
CATEGORY:        VERIFIED DAAD DDB
TIMESTAMP:       2026-08-20T19:22:05.202854
GAME ID         : art_91
TITLE           : Chichén Itzá
PLATFORM        : ZX
VERSION GUESS   : DAAD DDB v2
LANGUAGE        : unknown
FILENAME        : CODE__embedded_002400.ddb
FILE SIZE       : 26489 bytes
SOURCE URL      : https://www.worldofspectrum.org//pub/sinclair/games/c/ChichenItza.tap.zip
EXTRACTED PATH  : /home/ubuntu/DAAD-harvester/preservation_corpus/extracted/depth3_baf4ceb2_CODE__embedded_002400.ddb
--- HASHES ---
MD5_FULL        : N/A
MD5_5000        : N/A
SHA256          : 8002699b5958444129348bed0258833467e41cd7651ee10e61733300113ae474
SHA1            : N/A
CRC32           : N/A
XXH64           : N/A
================================================================ drop
