================================================================================
SESSION TAG:     20260819_111215
CATEGORY:        VERIFIED DAAD DDB
TIMESTAMP:       2026-08-19T11:12:16.560337
GAME ID         : art_50
TITLE           : Chichén Itzá
PLATFORM        : AMIGA
VERSION GUESS   : DAAD DDB v2
LANGUAGE        : unknown
FILENAME        : PART1.DDB
FILE SIZE       : 42804 bytes
SOURCE URL      : https://archive.org/download/Chichen_Itza_1991_Aventuras_AD_ES_cr_QTX/Chichen_Itza_1991_Aventuras_AD_ES_cr_QTX.adf
EXTRACTED PATH  : /home/ubuntu/DAAD-harvester/preservation_corpus/extracted/depth1_d78a30e6_PART1.DDB
--- HASHES ---
MD5_FULL        : N/A
MD5_5000        : N/A
SHA256          : efaeabc0a3dcc9a0654975632647e4b0e6caa7fcbcbb7a2de2c166e9ca9c62a7
SHA1            : N/A
CRC32           : N/A
XXH64           : N/A
================================================================ drop
================================================================================
SESSION TAG:     20260819_111215
CATEGORY:        VERIFIED DAAD DDB
TIMESTAMP:       2026-08-19T11:12:16.673925
GAME ID         : art_58
TITLE           : Chichén Itzá
PLATFORM        : AMIGA
VERSION GUESS   : DAAD DDB v2
LANGUAGE        : unknown
FILENAME        : PART2.DDB
FILE SIZE       : 43990 bytes
SOURCE URL      : https://archive.org/download/Chichen_Itza_1991_Aventuras_AD_ES_cr_QTX/Chichen_Itza_1991_Aventuras_AD_ES_cr_QTX.adf
EXTRACTED PATH  : /home/ubuntu/DAAD-harvester/preservation_corpus/extracted/depth1_806a1c74_PART2.DDB
--- HASHES ---
MD5_FULL        : N/A
MD5_5000        : N/A
SHA256          : efe5be7e82982365699cc78308d382d86262e6f2458b6ea8c09314aa49bcc414
SHA1            : N/A
CRC32           : N/A
XXH64           : N/A
================================================================ drop
