================================================================================
SESSION TAG:     20260819_105701
CATEGORY:        DOWNLOAD STATUS
TIMESTAMP:       2026-08-19T10:57:03.728670
URL             : https://plus4world.powweb.com/dl/games/e/eight_feet_under.zip
STATUS          : DOWNLOADED_OK
HTTP CODE       : 200
LOCAL PATH      : /home/ubuntu/DAAD-harvester/preservation_corpus/downloads/106_eight_feet_under.zip
WAYBACK USED    : False
================================================================ drop
================================================================================
SESSION TAG:     20260819_105701
CATEGORY:        DOWNLOAD STATUS
TIMESTAMP:       2026-08-19T10:57:05.592109
URL             : https://www.worldofspectrum.org//pub/sinclair/games/c/ChichenItza.tap.zip
STATUS          : DOWNLOADED_OK
HTTP CODE       : 200
LOCAL PATH      : /home/ubuntu/DAAD-harvester/preservation_corpus/downloads/112_ChichenItza.tap.zip
WAYBACK USED    : False
================================================================ drop
================================================================================
SESSION TAG:     20260819_105701
CATEGORY:        DOWNLOAD STATUS
TIMESTAMP:       2026-08-19T10:57:06.228709
URL             : https://archive.org/download/Aventura_Original_La_1989_Aventuras_AD_es_cpm_version/Aventura_Original_La_1989_Aventuras_AD_es_cpm_version.dsk
STATUS          : DOWNLOADED_OK
HTTP CODE       : 200
LOCAL PATH      : /home/ubuntu/DAAD-harvester/preservation_corpus/downloads/110_Aventura_Original_La_1989_Aventuras_AD_es_cpm_version.dsk
WAYBACK USED    : False
================================================================ drop
================================================================================
SESSION TAG:     20260819_105701
CATEGORY:        DOWNLOAD STATUS
TIMESTAMP:       2026-08-19T10:57:06.953997
URL             : https://archive.org/download/Jabato_1989_Aventuras_AD_es_cr_ASS/Jabato_1989_Aventuras_AD_es_cr_ASS.d64
STATUS          : DOWNLOADED_OK
HTTP CODE       : 200
LOCAL PATH      : /home/ubuntu/DAAD-harvester/preservation_corpus/downloads/121_Jabato_1989_Aventuras_AD_es_cr_ASS.d64
WAYBACK USED    : False
================================================================ drop
================================================================================
SESSION TAG:     20260819_105701
CATEGORY:        DOWNLOAD STATUS
TIMESTAMP:       2026-08-19T10:57:07.917277
URL             : https://archive.org/download/Chichen_Itza_1991_Aventuras_AD_ES_cr_QTX/Chichen_Itza_1991_Aventuras_AD_ES_cr_QTX.adf
STATUS          : DOWNLOADED_OK
HTTP CODE       : 200
LOCAL PATH      : /home/ubuntu/DAAD-harvester/preservation_corpus/downloads/245_Chichen_Itza_1991_Aventuras_AD_ES_cr_QTX.adf
WAYBACK USED    : False
================================================================ drop
