 ___________________
|                  ||
|  C=64 Datasette  ||
|   (_)[__(_](_)   ||
|                  ||
|   ------------   ||
|__/._o__^__o_.\\__||
packet size: 202

89 88 87 86 85 84 83 82 81 03 9f 02 c0 03 4a 41 
42 41 54 4f 20 31 20 20 20 20 20 20 20 20 20 20 
20 20 20 20 20 20 20 20 20 20 20 20 20 20 20 20 
20 20 20 20 20 20 20 20 20 20 20 20 20 20 20 20 
20 20 20 20 20 20 20 20 20 20 20 20 20 20 20 20 
20 20 20 20 20 20 20 20 20 20 20 20 20 20 20 20 
20 20 20 20 20 20 20 20 20 20 20 20 20 20 20 20 
20 20 20 20 20 20 20 20 20 20 20 20 20 20 20 20 
20 20 20 20 20 20 20 20 20 20 20 20 20 20 20 20 
20 20 20 20 20 20 20 20 20 20 20 20 20 20 20 20 
20 20 20 20 20 20 20 20 20 20 20 20 20 20 20 20 
20 20 20 20 20 20 20 20 20 20 20 20 20 20 20 20 
20 20 20 20 20 20 20 20 20 7f 
packet is first copy
packet type: PRG

found "jabato 1"         (PRG)   at 0x029f - 0x03c0 (289 bytes)
packet size: 202

09 08 07 06 05 04 03 02 01 03 9f 02 c0 03 4a 41 
42 41 54 4f 20 31 20 20 20 20 20 20 20 20 20 20 
20 20 20 20 20 20 20 20 20 20 20 20 20 20 20 20 
20 20 20 20 20 20 20 20 20 20 20 20 20 20 20 20 
20 20 20 20 20 20 20 20 20 20 20 20 20 20 20 20 
20 20 20 20 20 20 20 20 20 20 20 20 20 20 20 20 
20 20 20 20 20 20 20 20 20 20 20 20 20 20 20 20 
20 20 20 20 20 20 20 20 20 20 20 20 20 20 20 20 
20 20 20 20 20 20 20 20 20 20 20 20 20 20 20 20 
20 20 20 20 20 20 20 20 20 20 20 20 20 20 20 20 
20 20 20 20 20 20 20 20 20 20 20 20 20 20 20 20 
20 20 20 20 20 20 20 20 20 20 20 20 20 20 20 20 
20 20 20 20 20 20 20 20 20 7f 
packet is repeated copy, skipping for now
packet size: 299

89 88 87 86 85 84 83 82 81 a8 02 00 11 90 11 00 
01 00 a9 20 a2 08 a0 00 91 ac 20 db fc e4 ad d0 
f7 a2 d0 b9 d1 fc 91 ac c8 d0 f8 e6 ad e4 ad d0 
f2 a9 80 85 9d a9 00 8d 00 08 85 c6 4c 78 03 00 
ad 01 dd 29 01 85 a7 ad 06 dd e9 1c 6d 99 02 8d 
06 dd ad 07 dd 6d 9a 02 8d 07 dd a9 11 8d 0f dd 
ad a1 02 8d 0d dd d0 df 4c d4 8b e3 83 a4 7c a5 
a8 02 e4 a7 86 ae 00 00 00 00 4c 48 b2 00 2c f9 
ff c5 c1 fe 4a f3 91 f2 0e f2 50 f2 33 f3 57 f1 
ca f1 ea f6 3e f1 2f f3 66 fe 78 03 ed f5 a9 10 
2c 0d dc f0 fb a9 11 8d 0e dd ad 0d dd 4a 2c 0d 
dc 26 fc 60 a2 09 20 34 03 ee 20 d0 ca d0 f7 a5 
fc 60 ea ea a9 81 8d 0d dc 58 a9 00 20 71 a8 4c 
ea a7 dc 58 a9 00 20 71 a8 4c ea a7 00 00 00 00 
00 8d a9 b6 8d 04 dd a9 01 8d 05 dd a0 7f 8c 0d 
dd 8c 0d dc a9 07 85 01 84 fc 20 34 03 d0 fb 20 
4a 03 d0 f4 20 4a 03 f0 fb c9 16 d0 eb a0 03 20 
4a 03 99 ac 00 88 10 f7 20 4a 03 81 ac 20 db fc 
20 d1 fc 90 f3 b0 e6 a9 b0 8d 14 
packet is first copy
PRG or BASIC file contents
packet size: 299

09 08 07 06 05 04 03 02 01 a8 02 00 11 90 11 00 
01 00 a9 20 a2 08 a0 00 91 ac 20 db fc e4 ad d0 
f7 a2 d0 b9 d1 fc 91 ac c8 d0 f8 e6 ad e4 ad d0 
f2 a9 80 85 9d a9 00 8d 00 08 85 c6 4c 78 03 00 
ad 01 dd 29 01 85 a7 ad 06 dd e9 1c 6d 99 02 8d 
06 dd ad 07 dd 6d 9a 02 8d 07 dd a9 11 8d 0f dd 
ad a1 02 8d 0d dd d0 df 4c d4 8b e3 83 a4 7c a5 
a8 02 e4 a7 86 ae 00 00 00 00 4c 48 b2 00 2c f9 
ff c5 c1 fe 4a f3 91 f2 0e f2 50 f2 33 f3 57 f1 
ca f1 ea f6 3e f1 2f f3 66 fe 78 03 ed f5 a9 10 
2c 0d dc f0 fb a9 11 8d 0e dd ad 0d dd 4a 2c 0d 
dc 26 fc 60 a2 09 20 34 03 ee 20 d0 ca d0 f7 a5 
fc 60 ea ea a9 81 8d 0d dc 58 a9 00 20 71 a8 4c 
ea a7 dc 58 a9 00 20 71 a8 4c ea a7 00 00 00 00 
00 8d a9 b6 8d 04 dd a9 01 8d 05 dd a0 7f 8c 0d 
dd 8c 0d dc a9 07 85 01 84 fc 20 34 03 d0 fb 20 
4a 03 d0 f4 20 4a 03 f0 fb c9 16 d0 eb a0 03 20 
4a 03 99 ac 00 88 10 f7 20 4a 03 81 ac 20 db fc 
20 d1 fc 90 f3 b0 e6 a9 b0 8d 14 
packet is repeated copy, skipping for now

0 errors found
