INFO  Using log config file: jar:file:/home/ubuntu/.local/ghidra/ghidra_12.1.3_PUBLIC/Ghidra/Framework/Generic/lib/Generic.jar!/generic.log4j.xml (LoggingInitialization)  
INFO  Using log file: /home/ubuntu/.config/ghidra/ghidra_12.1.3_PUBLIC/application.log (LoggingInitialization)  
INFO  Loading user preferences: /home/ubuntu/.config/ghidra/ghidra_12.1.3_PUBLIC/preferences (Preferences)  
INFO  Searching for classes... (ClassSearcher)  
INFO  Class search complete (1012 ms) (ClassSearcher)  
INFO  Initializing SSL Context (DefaultSSLContextInitializer)  
INFO  Initializing Random Number Generator... (SecureRandomFactory)  
INFO  Random Number Generator initialization complete: NativePRNGNonBlocking (SecureRandomFactory)  
INFO  Trust manager disabled, cacerts have not been set (DefaultTrustManagerFactory)  
INFO  Headless startup complete (3391 ms) (AnalyzeHeadless)  
INFO  Class searcher loaded 211 extension points (114 false positives) (ClassSearcher)  
INFO  HEADLESS Script Paths:
    /home/ubuntu/.local/ghidra/ghidra_12.1.3_PUBLIC/Ghidra/Features/SystemEmulation/ghidra_scripts
    /home/ubuntu/.local/ghidra/ghidra_12.1.3_PUBLIC/Ghidra/Processors/DATA/ghidra_scripts
    /home/ubuntu/.local/ghidra/ghidra_12.1.3_PUBLIC/Ghidra/Features/WildcardAssembler/ghidra_scripts
    /home/ubuntu/.local/ghidra/ghidra_12.1.3_PUBLIC/Ghidra/Features/GnuDemangler/ghidra_scripts
    /home/ubuntu/.local/ghidra/ghidra_12.1.3_PUBLIC/Ghidra/Features/Base/ghidra_scripts
    /home/ubuntu/.local/ghidra/ghidra_12.1.3_PUBLIC/Ghidra/Features/SwiftDemangler/ghidra_scripts
    /home/ubuntu/.local/ghidra/ghidra_12.1.3_PUBLIC/Ghidra/Features/BSim/ghidra_scripts
    /home/ubuntu/.local/ghidra/ghidra_12.1.3_PUBLIC/Ghidra/Features/DecompilerDependent/ghidra_scripts
    /home/ubuntu/.local/ghidra/ghidra_12.1.3_PUBLIC/Ghidra/Features/PDB/ghidra_scripts
    /home/ubuntu/.local/ghidra/ghidra_12.1.3_PUBLIC/Ghidra/Features/VersionTracking/ghidra_scripts
    /home/ubuntu/.local/ghidra/ghidra_12.1.3_PUBLIC/Ghidra/Debug/Debugger-rmi-trace/ghidra_scripts
    /home/ubuntu/.local/ghidra/ghidra_12.1.3_PUBLIC/Ghidra/Processors/Atmel/ghidra_scripts
    /home/ubuntu/DAAD-harvester/reverse_engineering/tools/ghidra
    /home/ubuntu/.local/ghidra/ghidra_12.1.3_PUBLIC/Ghidra/Features/MicrosoftCodeAnalyzer/ghidra_scripts
    /home/ubuntu/.local/ghidra/ghidra_12.1.3_PUBLIC/Ghidra/Processors/8051/ghidra_scripts
    /home/ubuntu/.local/ghidra/ghidra_12.1.3_PUBLIC/Ghidra/Features/Decompiler/ghidra_scripts
    /home/ubuntu/.local/ghidra/ghidra_12.1.3_PUBLIC/Ghidra/Features/PyGhidra/ghidra_scripts
    /home/ubuntu/.local/ghidra/ghidra_12.1.3_PUBLIC/Ghidra/Processors/JVM/ghidra_scripts
    /home/ubuntu/.local/ghidra/ghidra_12.1.3_PUBLIC/Ghidra/Processors/PIC/ghidra_scripts
    /home/ubuntu/.local/ghidra/ghidra_12.1.3_PUBLIC/Ghidra/Debug/Debugger/ghidra_scripts
    /home/ubuntu/.local/ghidra/ghidra_12.1.3_PUBLIC/Ghidra/Features/FileFormats/ghidra_scripts
    /home/ubuntu/.local/ghidra/ghidra_12.1.3_PUBLIC/Ghidra/Features/FunctionID/ghidra_scripts
    /home/ubuntu/.local/ghidra/ghidra_12.1.3_PUBLIC/Ghidra/Features/BytePatterns/ghidra_scripts (HeadlessAnalyzer)  
INFO  HEADLESS: execution starts (HeadlessAnalyzer)  
INFO  Creating project: /tmp/daad-ghidra-projects/daad-pcw-pcwedi-official/analysis (HeadlessAnalyzer)  
INFO  Creating project: /tmp/daad-ghidra-projects/daad-pcw-pcwedi-official/analysis (DefaultProject)  
INFO  REPORT: Processing input files:  (HeadlessAnalyzer)  
INFO       project: /tmp/daad-ghidra-projects/daad-pcw-pcwedi-official/analysis (HeadlessAnalyzer)  
INFO  IMPORTING: file:///home/ubuntu/DAAD-harvester/reverse_engineering/artifacts/original/pcw/daad-pcw-pcwedi-official/PCWEDI.BIN (HeadlessAnalyzer)  
INFO  Successfully applied "-loader-baseAddr" to "Base Address" (old: "null", new: "0x0") (ProgramLoader)  
INFO  Using Loader: Raw Binary (ProgramLoader)  
INFO  Using Language/Compiler: z80:LE:16:default:default (ProgramLoader)  
INFO  Using Library Search Path: [., /bin, /lib, /lib64, /lib/x86_64-linux-gnu, /lib/aarch64-linux-gnu, /usr/bin, /usr/lib, /usr/X11R6/bin, /usr/X11R6/lib, /usr/java/packages/lib, /usr/lib/x86_64-linux-gnu/jni, /usr/lib/x86_64-linux-gnu, /usr/lib/jni] (ProgramLoader)  
INFO  IMPORTING: Loaded 0 additional files (HeadlessAnalyzer)  
INFO  ANALYZING all memory and code: file:///home/ubuntu/DAAD-harvester/reverse_engineering/artifacts/original/pcw/daad-pcw-pcwedi-official/PCWEDI.BIN (HeadlessAnalyzer)  
WARN  Decompiling ram:0038, pcode error at ram:c1a1: Could not follow disassembly flow into non-existing memory at ram:c1a1 (DecompileCallback)  
WARN  Decompiling ram:0038, pcode error at ram:d4b3: Could not follow disassembly flow into non-existing memory at ram:d4b3 (DecompileCallback)  
INFO  Packed database cache: /var/tmp/ubuntu-ghidra/packed-db-cache (PackedDatabaseCache)  
INFO  Applied data type archive: generic_clib (ApplyDataArchiveAnalyzer)  
INFO  -----------------------------------------------------
    ASCII Strings                              0.229 secs
    Apply Data Archives                        0.625 secs
    Basic Constant Reference Analyzer          0.044 secs
    Call-Fixup Installer                       0.001 secs
    Create Function                            0.004 secs
    Decompiler Switch Analysis                 0.399 secs
    Demangler GNU                              0.011 secs
    Disassemble Entry Points                   0.156 secs
    Embedded Media                             0.011 secs
    External Entry References                  0.001 secs
    Function ID                                0.017 secs
    Non-Returning Functions - Discovered       0.030 secs
    Shared Return Calls                        0.004 secs
    Stack                                      0.025 secs
    Subroutine References                      0.003 secs
-----------------------------------------------------
     Total Time   1 secs
-----------------------------------------------------
 (AutoAnalysisManager)  
INFO  REPORT: Analysis succeeded for file: file:///home/ubuntu/DAAD-harvester/reverse_engineering/artifacts/original/pcw/daad-pcw-pcwedi-official/PCWEDI.BIN (HeadlessAnalyzer)  
INFO  REPORT: Execute script: ExportDAADAnalysis.java '/home/ubuntu/DAAD-harvester/reverse_engineering/derived/z80/daad-pcw-pcwedi-official'  (HeadlessAnalyzer)  
INFO  SCRIPT: /home/ubuntu/DAAD-harvester/reverse_engineering/tools/ghidra/ExportDAADAnalysis.java (HeadlessAnalyzer)  
WARN  Decompiling ram:0000, pcode error at ram:df11: Could not follow disassembly flow into non-existing memory at ram:df11 (DecompileCallback)  
WARN  Decompiling ram:0028, pcode error at ram:c1a1: Could not follow disassembly flow into non-existing memory at ram:c1a1 (DecompileCallback)  
WARN  Decompiling ram:0028, pcode error at ram:d4b3: Could not follow disassembly flow into non-existing memory at ram:d4b3 (DecompileCallback)  
WARN  Decompiling ram:0030, pcode error at ram:c1a1: Could not follow disassembly flow into non-existing memory at ram:c1a1 (DecompileCallback)  
WARN  Decompiling ram:0030, pcode error at ram:d4b3: Could not follow disassembly flow into non-existing memory at ram:d4b3 (DecompileCallback)  
WARN  Decompiling ram:0038, pcode error at ram:c1a1: Could not follow disassembly flow into non-existing memory at ram:c1a1 (DecompileCallback)  
WARN  Decompiling ram:0038, pcode error at ram:d4b3: Could not follow disassembly flow into non-existing memory at ram:d4b3 (DecompileCallback)  
INFO  ANALYZING changes made by post scripts: file:///home/ubuntu/DAAD-harvester/reverse_engineering/artifacts/original/pcw/daad-pcw-pcwedi-official/PCWEDI.BIN (HeadlessAnalyzer)  
INFO  REPORT: Post-analysis succeeded for file: file:///home/ubuntu/DAAD-harvester/reverse_engineering/artifacts/original/pcw/daad-pcw-pcwedi-official/PCWEDI.BIN (HeadlessAnalyzer)  
INFO  /PCWEDI.BIN: file created (ubuntu) (LocalFileSystem)  
INFO  REPORT: Save succeeded for: /PCWEDI.BIN (analysis:/PCWEDI.BIN) (HeadlessAnalyzer)  
INFO  REPORT: Import succeeded (HeadlessAnalyzer)  

[stderr]
openjdk version "21.0.11" 2026-04-21
OpenJDK Runtime Environment (build 21.0.11+10-1-24.04.2-Ubuntu)
OpenJDK 64-Bit Server VM (build 21.0.11+10-1-24.04.2-Ubuntu, mixed mode)
